Archive member included to satisfy reference by file (symbol)

C:/ST/STM32CubeIDE_1.13.0/STM32CubeIDE/plugins/com.st.stm32cube.ide.mcu.externaltools.gnu-tools-for-stm32.12.3.rel1.win32_1.0.200.202406191623/tools/bin/../lib/gcc/arm-none-eabi/12.3.1/../../../../arm-none-eabi/lib/thumb/v7e-m+fp/hard\libc_nano.a(libc_a-exit.o)
                              C:/ST/STM32CubeIDE_1.13.0/STM32CubeIDE/plugins/com.st.stm32cube.ide.mcu.externaltools.gnu-tools-for-stm32.12.3.rel1.win32_1.0.200.202406191623/tools/bin/../lib/gcc/arm-none-eabi/12.3.1/../../../../arm-none-eabi/lib/thumb/v7e-m+fp/hard/crt0.o (exit)
C:/ST/STM32CubeIDE_1.13.0/STM32CubeIDE/plugins/com.st.stm32cube.ide.mcu.externaltools.gnu-tools-for-stm32.12.3.rel1.win32_1.0.200.202406191623/tools/bin/../lib/gcc/arm-none-eabi/12.3.1/../../../../arm-none-eabi/lib/thumb/v7e-m+fp/hard\libc_nano.a(libc_a-findfp.o)
                              ./Middlewares/Third_Party/FreeRTOS/Source/tasks.o (__sf)
C:/ST/STM32CubeIDE_1.13.0/STM32CubeIDE/plugins/com.st.stm32cube.ide.mcu.externaltools.gnu-tools-for-stm32.12.3.rel1.win32_1.0.200.202406191623/tools/bin/../lib/gcc/arm-none-eabi/12.3.1/../../../../arm-none-eabi/lib/thumb/v7e-m+fp/hard\libc_nano.a(libc_a-fwalk.o)
                              C:/ST/STM32CubeIDE_1.13.0/STM32CubeIDE/plugins/com.st.stm32cube.ide.mcu.externaltools.gnu-tools-for-stm32.12.3.rel1.win32_1.0.200.202406191623/tools/bin/../lib/gcc/arm-none-eabi/12.3.1/../../../../arm-none-eabi/lib/thumb/v7e-m+fp/hard\libc_nano.a(libc_a-findfp.o) (_fwalk_sglue)
C:/ST/STM32CubeIDE_1.13.0/STM32CubeIDE/plugins/com.st.stm32cube.ide.mcu.externaltools.gnu-tools-for-stm32.12.3.rel1.win32_1.0.200.202406191623/tools/bin/../lib/gcc/arm-none-eabi/12.3.1/../../../../arm-none-eabi/lib/thumb/v7e-m+fp/hard\libc_nano.a(libc_a-stdio.o)
                              C:/ST/STM32CubeIDE_1.13.0/STM32CubeIDE/plugins/com.st.stm32cube.ide.mcu.externaltools.gnu-tools-for-stm32.12.3.rel1.win32_1.0.200.202406191623/tools/bin/../lib/gcc/arm-none-eabi/12.3.1/../../../../arm-none-eabi/lib/thumb/v7e-m+fp/hard\libc_nano.a(libc_a-findfp.o) (__sread)
C:/ST/STM32CubeIDE_1.13.0/STM32CubeIDE/plugins/com.st.stm32cube.ide.mcu.externaltools.gnu-tools-for-stm32.12.3.rel1.win32_1.0.200.202406191623/tools/bin/../lib/gcc/arm-none-eabi/12.3.1/../../../../arm-none-eabi/lib/thumb/v7e-m+fp/hard\libc_nano.a(libc_a-memset.o)
                              C:/ST/STM32CubeIDE_1.13.0/STM32CubeIDE/plugins/com.st.stm32cube.ide.mcu.externaltools.gnu-tools-for-stm32.12.3.rel1.win32_1.0.200.202406191623/tools/bin/../lib/gcc/arm-none-eabi/12.3.1/../../../../arm-none-eabi/lib/thumb/v7e-m+fp/hard/crt0.o (memset)
C:/ST/STM32CubeIDE_1.13.0/STM32CubeIDE/plugins/com.st.stm32cube.ide.mcu.externaltools.gnu-tools-for-stm32.12.3.rel1.win32_1.0.200.202406191623/tools/bin/../lib/gcc/arm-none-eabi/12.3.1/../../../../arm-none-eabi/lib/thumb/v7e-m+fp/hard\libc_nano.a(libc_a-closer.o)
                              C:/ST/STM32CubeIDE_1.13.0/STM32CubeIDE/plugins/com.st.stm32cube.ide.mcu.externaltools.gnu-tools-for-stm32.12.3.rel1.win32_1.0.200.202406191623/tools/bin/../lib/gcc/arm-none-eabi/12.3.1/../../../../arm-none-eabi/lib/thumb/v7e-m+fp/hard\libc_nano.a(libc_a-stdio.o) (_close_r)
C:/ST/STM32CubeIDE_1.13.0/STM32CubeIDE/plugins/com.st.stm32cube.ide.mcu.externaltools.gnu-tools-for-stm32.12.3.rel1.win32_1.0.200.202406191623/tools/bin/../lib/gcc/arm-none-eabi/12.3.1/../../../../arm-none-eabi/lib/thumb/v7e-m+fp/hard\libc_nano.a(libc_a-reent.o)
                              ./Middlewares/Third_Party/FreeRTOS/Source/tasks.o (_reclaim_reent)
C:/ST/STM32CubeIDE_1.13.0/STM32CubeIDE/plugins/com.st.stm32cube.ide.mcu.externaltools.gnu-tools-for-stm32.12.3.rel1.win32_1.0.200.202406191623/tools/bin/../lib/gcc/arm-none-eabi/12.3.1/../../../../arm-none-eabi/lib/thumb/v7e-m+fp/hard\libc_nano.a(libc_a-impure.o)
                              ./Middlewares/Third_Party/FreeRTOS/Source/tasks.o (_impure_ptr)
C:/ST/STM32CubeIDE_1.13.0/STM32CubeIDE/plugins/com.st.stm32cube.ide.mcu.externaltools.gnu-tools-for-stm32.12.3.rel1.win32_1.0.200.202406191623/tools/bin/../lib/gcc/arm-none-eabi/12.3.1/../../../../arm-none-eabi/lib/thumb/v7e-m+fp/hard\libc_nano.a(libc_a-lseekr.o)
                              C:/ST/STM32CubeIDE_1.13.0/STM32CubeIDE/plugins/com.st.stm32cube.ide.mcu.externaltools.gnu-tools-for-stm32.12.3.rel1.win32_1.0.200.202406191623/tools/bin/../lib/gcc/arm-none-eabi/12.3.1/../../../../arm-none-eabi/lib/thumb/v7e-m+fp/hard\libc_nano.a(libc_a-stdio.o) (_lseek_r)
C:/ST/STM32CubeIDE_1.13.0/STM32CubeIDE/plugins/com.st.stm32cube.ide.mcu.externaltools.gnu-tools-for-stm32.12.3.rel1.win32_1.0.200.202406191623/tools/bin/../lib/gcc/arm-none-eabi/12.3.1/../../../../arm-none-eabi/lib/thumb/v7e-m+fp/hard\libc_nano.a(libc_a-readr.o)
[...]
Memory Configuration

Name             Origin             Length             Attributes
RAM              0x20000000         0x00020000         xrw
FLASH            0x08000000         0x00080000         xr
*default*        0x00000000         0xffffffff

Linker script and memory map

LOAD C:/ST/STM32CubeIDE_1.13.0/STM32CubeIDE/plugins/com.st.stm32cube.ide.mcu.externaltools.gnu-tools-for-stm32.12.3.rel1.win32_1.0.200.202406191623/tools/bin/../lib/gcc/arm-none-eabi/12.3.1/thumb/v7e-m+fp/hard/crti.o
LOAD C:/ST/STM32CubeIDE_1.13.0/STM32CubeIDE/plugins/com.st.stm32cube.ide.mcu.externaltools.gnu-tools-for-stm32.12.3.rel1.win32_1.0.200.202406191623/tools/bin/../lib/gcc/arm-none-eabi/12.3.1/thumb/v7e-m+fp/hard/crtbegin.o
LOAD C:/ST/STM32CubeIDE_1.13.0/STM32CubeIDE/plugins/com.st.stm32cube.ide.mcu.externaltools.gnu-tools-for-stm32.12.3.rel1.win32_1.0.200.202406191623/tools/bin/../lib/gcc/arm-none-eabi/12.3.1/../../../../arm-none-eabi/lib/thumb/v7e-m+fp/hard/crt0.o
LOAD ./Core/Src/bluetooth.o
LOAD ./Core/Src/dma.o
LOAD ./Core/Src/freertos.o
LOAD ./Core/Src/gpio.o
LOAD ./Core/Src/kalman_filter.o
LOAD ./Core/Src/main.o
LOAD ./Core/Src/motor.o
LOAD ./Core/Src/sensor.o
LOAD ./Core/Src/stm32f4xx_hal_msp.o
LOAD ./Core/Src/stm32f4xx_hal_timebase_tim.o
LOAD ./Core/Src/stm32f4xx_it.o
LOAD ./Core/Src/syscalls.o
LOAD ./Core/Src/sysmem.o
LOAD ./Core/Src/system_stm32f4xx.o
LOAD ./Core/Src/tim.o
LOAD ./Core/Src/usart.o
LOAD ./Core/Startup/startup_stm32f411retx.o
LOAD ./Drivers/STM32F4xx_HAL_Driver/Src/stm32f4xx_hal.o
LOAD ./Drivers/STM32F4xx_HAL_Driver/Src/stm32f4xx_hal_cortex.o
LOAD ./Drivers/STM32F4xx_HAL_Driver/Src/stm32f4xx_hal_dma.o
LOAD ./Drivers/STM32F4xx_HAL_Driver/Src/stm32f4xx_hal_dma_ex.o
LOAD ./Drivers/STM32F4xx_HAL_Driver/Src/stm32f4xx_hal_exti.o
LOAD ./Drivers/STM32F4xx_HAL_Driver/Src/stm32f4xx_hal_flash.o
LOAD ./Drivers/STM32F4xx_HAL_Driver/Src/stm32f4xx_hal_flash_ex.o
LOAD ./Drivers/STM32F4xx_HAL_Driver/Src/stm32f4xx_hal_flash_ramfunc.o
LOAD ./Drivers/STM32F4xx_HAL_Driver/Src/stm32f4xx_hal_gpio.o
LOAD ./Drivers/STM32F4xx_HAL_Driver/Src/stm32f4xx_hal_pwr.o
LOAD ./Drivers/STM32F4xx_HAL_Driver/Src/stm32f4xx_hal_pwr_ex.o
LOAD ./Drivers/STM32F4xx_HAL_Driver/Src/stm32f4xx_hal_rcc.o
LOAD ./Drivers/STM32F4xx_HAL_Driver/Src/stm32f4xx_hal_rcc_ex.o
LOAD ./Drivers/STM32F4xx_HAL_Driver/Src/stm32f4xx_hal_tim.o
LOAD ./Drivers/STM32F4xx_HAL_Driver/Src/stm32f4xx_hal_tim_ex.o
LOAD ./Drivers/STM32F4xx_HAL_Driver/Src/stm32f4xx_hal_uart.o
LOAD ./Middlewares/Third_Party/FreeRTOS/Source/CMSIS_RTOS_V2/cmsis_os2.o
LOAD ./Middlewares/Third_Party/FreeRTOS/Source/croutine.o
LOAD ./Middlewares/Third_Party/FreeRTOS/Source/event_groups.o
LOAD ./Middlewares/Third_Party/FreeRTOS/Source/list.o
LOAD ./Middlewares/Third_Party/FreeRTOS/Source/queue.o
LOAD ./Middlewares/Third_Party/FreeRTOS/Source/stream_buffer.o
LOAD ./Middlewares/Third_Party/FreeRTOS/Source/tasks.o
LOAD ./Middlewares/Third_Party/FreeRTOS/Source/timers.o
LOAD ./Middlewares/Third_Party/FreeRTOS/Source/portable/GCC/ARM_CM4F/port.o
LOAD ./Middlewares/Third_Party/FreeRTOS/Source/portable/MemMang/heap_4.o
START GROUP
LOAD C:/ST/STM32CubeIDE_1.13.0/STM32CubeIDE/plugins/com.st.stm32cube.ide.mcu.externaltools.gnu-tools-for-stm32.12.3.rel1.win32_1.0.200.202406191623/tools/bin/../lib/gcc/arm-none-eabi/12.3.1/../../../../arm-none-eabi/lib/thumb/v7e-m+fp/hard\libc_nano.a
LOAD C:/ST/STM32CubeIDE_1.13.0/STM32CubeIDE/plugins/com.st.stm32cube.ide.mcu.externaltools.gnu-tools-for-stm32.12.3.rel1.win32_1.0.200.202406191623/tools/bin/../lib/gcc/arm-none-eabi/12.3.1/../../../../arm-none-eabi/lib/thumb/v7e-m+fp/hard\libm.a
END GROUP
START GROUP
LOAD C:/ST/STM32CubeIDE_1.13.0/STM32CubeIDE/plugins/com.st.stm32cube.ide.mcu.externaltools.gnu-tools-for-stm32.12.3.rel1.win32_1.0.200.202406191623/tools/bin/../lib/gcc/arm-none-eabi/12.3.1/thumb/v7e-m+fp/hard\libgcc.a
LOAD C:/ST/STM32CubeIDE_1.13.0/STM32CubeIDE/plugins/com.st.stm32cube.ide.mcu.externaltools.gnu-tools-for-stm32.12.3.rel1.win32_1.0.200.202406191623/tools/bin/../lib/gcc/arm-none-eabi/12.3.1/../../../../arm-none-eabi/lib/thumb/v7e-m+fp/hard\libc_nano.a
END GROUP
START GROUP
LOAD C:/ST/STM32CubeIDE_1.13.0/STM32CubeIDE/plugins/com.st.stm32cube.ide.mcu.externaltools.gnu-tools-for-stm32.12.3.rel1.win32_1.0.200.202406191623/tools/bin/../lib/gcc/arm-none-eabi/12.3.1/thumb/v7e-m+fp/hard\libgcc.a
LOAD C:/ST/STM32CubeIDE_1.13.0/STM32CubeIDE/plugins/com.st.stm32cube.ide.mcu.externaltools.gnu-tools-for-stm32.12.3.rel1.win32_1.0.200.202406191623/tools/bin/../lib/gcc/arm-none-eabi/12.3.1/../../../../arm-none-eabi/lib/thumb/v7e-m+fp/hard\libc_nano.a
LOAD C:/ST/STM32CubeIDE_1.13.0/STM32CubeIDE/plugins/com.st.stm32cube.ide.mcu.externaltools.gnu-tools-for-stm32.12.3.rel1.win32_1.0.200.202406191623/tools/bin/../lib/gcc/arm-none-eabi/12.3.1/../../../../arm-none-eabi/lib/thumb/v7e-m+fp/hard\libnosys.a
END GROUP
START GROUP
LOAD C:/ST/STM32CubeIDE_1.13.0/STM32CubeIDE/plugins/com.st.stm32cube.ide.mcu.externaltools.gnu-tools-for-stm32.12.3.rel1.win32_1.0.200.202406191623/tools/bin/../lib/gcc/arm-none-eabi/12.3.1/thumb/v7e-m+fp/hard\libgcc.a
LOAD C:/ST/STM32CubeIDE_1.13.0/STM32CubeIDE/plugins/com.st.stm32cube.ide.mcu.externaltools.gnu-tools-for-stm32.12.3.rel1.win32_1.0.200.202406191623/tools/bin/../lib/gcc/arm-none-eabi/12.3.1/../../../../arm-none-eabi/lib/thumb/v7e-m+fp/hard\libc_nano.a
LOAD C:/ST/STM32CubeIDE_1.13.0/STM32CubeIDE/plugins/com.st.stm32cube.ide.mcu.externaltools.gnu-tools-for-stm32.12.3.rel1.win32_1.0.200.202406191623/tools/bin/../lib/gcc/arm-none-eabi/12.3.1/../../../../arm-none-eabi/lib/thumb/v7e-m+fp/hard\libnosys.a
END GROUP
LOAD C:/ST/STM32CubeIDE_1.13.0/STM32CubeIDE/plugins/com.st.stm32cube.ide.mcu.externaltools.gnu-tools-for-stm32.12.3.rel1.win32_1.0.200.202406191623/tools/bin/../lib/gcc/arm-none-eabi/12.3.1/thumb/v7e-m+fp/hard/crtend.o
LOAD C:/ST/STM32CubeIDE_1.13.0/STM32CubeIDE/plugins/com.st.stm32cube.ide.mcu.externaltools.gnu-tools-for-stm32.12.3.rel1.win32_1.0.200.202406191623/tools/bin/../lib/gcc/arm-none-eabi/12.3.1/thumb/v7e-m+fp/hard/crtn.o
                0x20020000                        _estack = (ORIGIN (RAM) + LENGTH (RAM))
                0x00000200                        _Min_Heap_Size = 0x200
                0x00000400                        _Min_Stack_Size = 0x400

.isr_vector     0x08000000      0x198
                0x08000000                        . = ALIGN (0x4)
 *(.isr_vector)
 .isr_vector    0x08000000      0x198 ./Core/Startup/startup_stm32f411retx.o
                0x08000000                g_pfnVectors
                0x08000198                        . = ALIGN (0x4)

.text           0x080001a0     0x8770
                0x080001a0                        . = ALIGN (0x4)
 *(.text)
 .text          0x080001a0       0x40 C:/ST/STM32CubeIDE_1.13.0/STM32CubeIDE/plugins/com.st.stm32cube.ide.mcu.externaltools.gnu-tools-for-stm32.12.3.rel1.win32_1.0.200.202406191623/tools/bin/../lib/gcc/arm-none-eabi/12.3.1/thumb/v7e-m+fp/hard/crtbegin.o
 .text          0x080001e0       0x30 C:/ST/STM32CubeIDE_1.13.0/STM32CubeIDE/plugins/com.st.stm32cube.ide.mcu.externaltools.gnu-tools-for-stm32.12.3.rel1.win32_1.0.200.202406191623/tools/bin/../lib/gcc/arm-none-eabi/12.3.1/thumb/v7e-m+fp/hard\libgcc.a(_aeabi_uldivmod.o)
                0x080001e0                __aeabi_uldivmod
 .text          0x08000210      0x2bc C:/ST/STM32CubeIDE_1.13.0/STM32CubeIDE/plugins/com.st.stm32cube.ide.mcu.externaltools.gnu-tools-for-stm32.12.3.rel1.win32_1.0.200.202406191623/tools/bin/../lib/gcc/arm-none-eabi/12.3.1/thumb/v7e-m+fp/hard\libgcc.a(_udivmoddi4.o)
                0x08000210                __udivmoddi4
 .text          0x080004cc        0x4 C:/ST/STM32CubeIDE_1.13.0/STM32CubeIDE/plugins/com.st.stm32cube.ide.mcu.externaltools.gnu-tools-for-stm32.12.3.rel1.win32_1.0.200.202406191623/tools/bin/../lib/gcc/arm-none-eabi/12.3.1/thumb/v7e-m+fp/hard\libgcc.a(_dvmd_tls.o)
                0x080004cc                __aeabi_idiv0
                0x080004cc                __aeabi_ldiv0
 *(.text*)
 .text.HAL_UARTEx_RxEventCallback
                0x080004d0      0x10c ./Core/Src/bluetooth.o
                0x080004d0                HAL_UARTEx_RxEventCallback
 .text.MX_DMA_Init
                0x080005dc       0x90 ./Core/Src/dma.o
                0x080005dc                MX_DMA_Init
 .text.MX_FREERTOS_Init
                0x0800066c       0x5c ./Core/Src/freertos.o
                0x0800066c                MX_FREERTOS_Init
 .text.echoreadTask
                0x080006c8       0x16 ./Core/Src/freertos.o
                0x080006c8                echoreadTask
 *fill*         0x080006de        0x2 
 .text.autoDrivingTask
                0x080006e0       0xa0 ./Core/Src/freertos.o
                0x080006e0                autoDrivingTask
 .text.StartTask03
                0x08000780       0x10 ./Core/Src/freertos.o
                0x08000780                StartTask03
 .text.MX_GPIO_Init
                0x08000790      0x118 ./Core/Src/gpio.o
                0x08000790                MX_GPIO_Init
 .text.main     0x080008a8       0x68 ./Core/Src/main.o
                0x080008a8                main
 .text.SystemClock_Config
                0x08000910       0xd0 ./Core/Src/main.o
                0x08000910                SystemClock_Config
 .text.HAL_TIM_PeriodElapsedCallback
                0x080009e0       0x24 ./Core/Src/main.o
                0x080009e0                HAL_TIM_PeriodElapsedCallback
 .text.Error_Handler
                0x08000a04        0xc ./Core/Src/main.o
                0x08000a04                Error_Handler
 .text.Forward  0x08000a10       0x3c ./Core/Src/motor.o
                0x08000a10                Forward
 .text.Backward
                0x08000a4c       0x3c ./Core/Src/motor.o
                0x08000a4c                Backward
 .text.Right    0x08000a88       0x3c ./Core/Src/motor.o
                0x08000a88                Right
 .text.Right_slow
                0x08000ac4       0x3c ./Core/Src/motor.o
                0x08000ac4                Right_slow
 .text.Left     0x08000b00       0x3c ./Core/Src/motor.o
                0x08000b00                Left
 .text.Left_slow
                0x08000b3c       0x3c ./Core/Src/motor.o
                0x08000b3c                Left_slow
 .text.STOP     0x08000b78       0x3c ./Core/Src/motor.o
                0x08000b78                STOP
 .text.echo_set
                0x08000bb4       0x70 ./Core/Src/sensor.o
                0x08000bb4                echo_set
 .text.echo_get
                0x08000c24       0x80 ./Core/Src/sensor.o
                0x08000c24                echo_get
 .text.trigger_set
                0x08000ca4       0x24 ./Core/Src/sensor.o
                0x08000ca4                trigger_set
 .text.HAL_MspInit
                0x08000cc8       0x58 ./Core/Src/stm32f4xx_hal_msp.o
                0x08000cc8                HAL_MspInit
 .text.HAL_InitTick
                0x08000d20       0xe4 ./Core/Src/stm32f4xx_hal_timebase_tim.o
                0x08000d20                HAL_InitTick
 .text.NMI_Handler
                0x08000e04        0x8 ./Core/Src/stm32f4xx_it.o
                0x08000e04                NMI_Handler
 .text.HardFault_Handler
                0x08000e0c        0x8 ./Core/Src/stm32f4xx_it.o
                0x08000e0c                HardFault_Handler
 .text.MemManage_Handler
                0x08000e14        0x8 ./Core/Src/stm32f4xx_it.o
                0x08000e14                MemManage_Handler
 .text.BusFault_Handler
                0x08000e1c        0x8 ./Core/Src/stm32f4xx_it.o
                0x08000e1c                BusFault_Handler
 .text.UsageFault_Handler
                0x08000e24        0x8 ./Core/Src/stm32f4xx_it.o
                0x08000e24                UsageFault_Handler
 .text.DebugMon_Handler
                0x08000e2c        0xe ./Core/Src/stm32f4xx_it.o
                0x08000e2c                DebugMon_Handler
 *fill*         0x08000e3a        0x2 
 .text.DMA1_Stream0_IRQHandler
                0x08000e3c       0x14 ./Core/Src/stm32f4xx_it.o
                0x08000e3c                DMA1_Stream0_IRQHandler
 .text.DMA1_Stream2_IRQHandler
                0x08000e50       0x14 ./Core/Src/stm32f4xx_it.o
                0x08000e50                DMA1_Stream2_IRQHandler
 .text.DMA1_Stream3_IRQHandler
                0x08000e64       0x14 ./Core/Src/stm32f4xx_it.o
                0x08000e64                DMA1_Stream3_IRQHandler
 .text.DMA1_Stream4_IRQHandler
                0x08000e78       0x14 ./Core/Src/stm32f4xx_it.o
                0x08000e78                DMA1_Stream4_IRQHandler
 .text.DMA1_Stream5_IRQHandler
                0x08000e8c       0x14 ./Core/Src/stm32f4xx_it.o
                0x08000e8c                DMA1_Stream5_IRQHandler
 .text.TIM1_BRK_TIM9_IRQHandler
                0x08000ea0       0x1c ./Core/Src/stm32f4xx_it.o
                0x08000ea0                TIM1_BRK_TIM9_IRQHandler
 .text.USART1_IRQHandler
                0x08000ebc       0x14 ./Core/Src/stm32f4xx_it.o
                0x08000ebc                USART1_IRQHandler
 .text.USART2_IRQHandler
                0x08000ed0       0x14 ./Core/Src/stm32f4xx_it.o
                0x08000ed0                USART2_IRQHandler
 .text.DMA1_Stream7_IRQHandler
                0x08000ee4       0x14 ./Core/Src/stm32f4xx_it.o
                0x08000ee4                DMA1_Stream7_IRQHandler
 .text.SystemInit
                0x08000ef8       0x24 ./Core/Src/system_stm32f4xx.o
                0x08000ef8                SystemInit
 .text.MX_TIM1_Init
                0x08000f1c      0x174 ./Core/Src/tim.o
                0x08000f1c                MX_TIM1_Init
 .text.MX_TIM2_Init
                0x08001090       0xec ./Core/Src/tim.o
                0x08001090                MX_TIM2_Init
 .text.MX_TIM3_Init
                0x0800117c      0x13c ./Core/Src/tim.o
                0x0800117c                MX_TIM3_Init
 .text.MX_TIM4_Init
                0x080012b8      0x100 ./Core/Src/tim.o
                0x080012b8                MX_TIM4_Init
 .text.MX_TIM11_Init
                0x080013b8       0x48 ./Core/Src/tim.o
                0x080013b8                MX_TIM11_Init
 .text.HAL_TIM_Base_MspInit
                0x08001400      0x46c ./Core/Src/tim.o
                0x08001400                HAL_TIM_Base_MspInit
 .text.HAL_TIM_MspPostInit
                0x0800186c       0xbc ./Core/Src/tim.o
                0x0800186c                HAL_TIM_MspPostInit
 .text.MX_USART1_UART_Init
                0x08001928       0x54 ./Core/Src/usart.o
                0x08001928                MX_USART1_UART_Init
 .text.MX_USART2_UART_Init
                0x0800197c       0x54 ./Core/Src/usart.o
                0x0800197c                MX_USART2_UART_Init
 .text.HAL_UART_MspInit
                0x080019d0      0x158 ./Core/Src/usart.o
                0x080019d0                HAL_UART_MspInit
 .text.Reset_Handler
                0x08001b28       0x50 ./Core/Startup/startup_stm32f411retx.o
                0x08001b28                Reset_Handler
 .text.Default_Handler
                0x08001b78        0x2 ./Core/Startup/startup_stm32f411retx.o
                0x08001b78                RTC_Alarm_IRQHandler
                0x08001b78                EXTI2_IRQHandler
                0x08001b78                SPI4_IRQHandler
                0x08001b78                TIM1_CC_IRQHandler
                0x08001b78                DMA2_Stream5_IRQHandler
                0x08001b78                PVD_IRQHandler
                0x08001b78                SDIO_IRQHandler
                0x08001b78                TAMP_STAMP_IRQHandler
                0x08001b78                EXTI3_IRQHandler
                0x08001b78                TIM1_UP_TIM10_IRQHandler
                0x08001b78                I2C3_ER_IRQHandler
                0x08001b78                EXTI0_IRQHandler
                0x08001b78                I2C2_EV_IRQHandler
                0x08001b78                FPU_IRQHandler
                0x08001b78                DMA2_Stream2_IRQHandler
                0x08001b78                SPI1_IRQHandler
                0x08001b78                DMA2_Stream3_IRQHandler
                0x08001b78                USART6_IRQHandler
                0x08001b78                DMA2_Stream0_IRQHandler
                0x08001b78                TIM4_IRQHandler
                0x08001b78                I2C1_EV_IRQHandler
                0x08001b78                DMA1_Stream6_IRQHandler
                0x08001b78                DMA1_Stream1_IRQHandler
                0x08001b78                TIM3_IRQHandler
                0x08001b78                RCC_IRQHandler
                0x08001b78                Default_Handler
                0x08001b78                EXTI15_10_IRQHandler
                0x08001b78                ADC_IRQHandler
                0x08001b78                SPI5_IRQHandler
                0x08001b78                TIM5_IRQHandler
                0x08001b78                DMA2_Stream7_IRQHandler
                0x08001b78                I2C3_EV_IRQHandler
                0x08001b78                EXTI9_5_IRQHandler
                0x08001b78                RTC_WKUP_IRQHandler
                0x08001b78                SPI2_IRQHandler
                0x08001b78                EXTI4_IRQHandler
                0x08001b78                WWDG_IRQHandler
                0x08001b78                TIM2_IRQHandler
                0x08001b78                OTG_FS_WKUP_IRQHandler
                0x08001b78                TIM1_TRG_COM_TIM11_IRQHandler
                0x08001b78                EXTI1_IRQHandler
                0x08001b78                I2C2_ER_IRQHandler
                0x08001b78                DMA2_Stream1_IRQHandler
                0x08001b78                FLASH_IRQHandler
                0x08001b78                DMA2_Stream4_IRQHandler
                0x08001b78                OTG_FS_IRQHandler
                0x08001b78                SPI3_IRQHandler
                0x08001b78                I2C1_ER_IRQHandler
                0x08001b78                DMA2_Stream6_IRQHandler
 *fill*         0x08001b7a        0x2 
 .text.HAL_Init
                0x08001b7c       0x44 ./Drivers/STM32F4xx_HAL_Driver/Src/stm32f4xx_hal.o
                0x08001b7c                HAL_Init
 .text.HAL_IncTick
                0x08001bc0       0x28 ./Drivers/STM32F4xx_HAL_Driver/Src/stm32f4xx_hal.o
                0x08001bc0                HAL_IncTick
 .text.HAL_GetTick
                0x08001be8       0x18 ./Drivers/STM32F4xx_HAL_Driver/Src/stm32f4xx_hal.o
                0x08001be8                HAL_GetTick
 .text.__NVIC_SetPriorityGrouping
                0x08001c00       0x48 ./Drivers/STM32F4xx_HAL_Driver/Src/stm32f4xx_hal_cortex.o
 .text.__NVIC_GetPriorityGrouping
                0x08001c48       0x1c ./Drivers/STM32F4xx_HAL_Driver/Src/stm32f4xx_hal_cortex.o
 .text.__NVIC_EnableIRQ
                0x08001c64       0x3c ./Drivers/STM32F4xx_HAL_Driver/Src/stm32f4xx_hal_cortex.o
 .text.__NVIC_SetPriority
                0x08001ca0       0x54 ./Drivers/STM32F4xx_HAL_Driver/Src/stm32f4xx_hal_cortex.o
 .text.NVIC_EncodePriority
                0x08001cf4       0x66 ./Drivers/STM32F4xx_HAL_Driver/Src/stm32f4xx_hal_cortex.o
 .text.HAL_NVIC_SetPriorityGrouping
                0x08001d5a       0x16 ./Drivers/STM32F4xx_HAL_Driver/Src/stm32f4xx_hal_cortex.o
                0x08001d5a                HAL_NVIC_SetPriorityGrouping
 .text.HAL_NVIC_SetPriority
                0x08001d70       0x38 ./Drivers/STM32F4xx_HAL_Driver/Src/stm32f4xx_hal_cortex.o
                0x08001d70                HAL_NVIC_SetPriority
 .text.HAL_NVIC_EnableIRQ
                0x08001da8       0x1c ./Drivers/STM32F4xx_HAL_Driver/Src/stm32f4xx_hal_cortex.o
                0x08001da8                HAL_NVIC_EnableIRQ
 .text.HAL_DMA_Init
                0x08001dc4      0x15c ./Drivers/STM32F4xx_HAL_Driver/Src/stm32f4xx_hal_dma.o
                0x08001dc4                HAL_DMA_Init
 .text.HAL_DMA_Start_IT
                0x08001f20       0xb0 ./Drivers/STM32F4xx_HAL_Driver/Src/stm32f4xx_hal_dma.o
                0x08001f20                HAL_DMA_Start_IT
 .text.HAL_DMA_Abort
                0x08001fd0       0xe0 ./Drivers/STM32F4xx_HAL_Driver/Src/stm32f4xx_hal_dma.o
                0x08001fd0                HAL_DMA_Abort
 .text.HAL_DMA_Abort_IT
                0x080020b0       0x44 ./Drivers/STM32F4xx_HAL_Driver/Src/stm32f4xx_hal_dma.o
                0x080020b0                HAL_DMA_Abort_IT
 .text.HAL_DMA_IRQHandler
                0x080020f4      0x314 ./Drivers/STM32F4xx_HAL_Driver/Src/stm32f4xx_hal_dma.o
                0x080020f4                HAL_DMA_IRQHandler
 .text.DMA_SetConfig
                0x08002408       0x5c ./Drivers/STM32F4xx_HAL_Driver/Src/stm32f4xx_hal_dma.o
 .text.DMA_CalcBaseAndBitshift
                0x08002464       0x6c ./Drivers/STM32F4xx_HAL_Driver/Src/stm32f4xx_hal_dma.o
 .text.DMA_CheckFifoParam
                0x080024d0       0xf8 ./Drivers/STM32F4xx_HAL_Driver/Src/stm32f4xx_hal_dma.o
 .text.HAL_GPIO_Init
                0x080025c8      0x308 ./Drivers/STM32F4xx_HAL_Driver/Src/stm32f4xx_hal_gpio.o
                0x080025c8                HAL_GPIO_Init
 .text.HAL_GPIO_WritePin
                0x080028d0       0x32 ./Drivers/STM32F4xx_HAL_Driver/Src/stm32f4xx_hal_gpio.o
                0x080028d0                HAL_GPIO_WritePin
 *fill*         0x08002902        0x2 
 .text.HAL_RCC_OscConfig
                0x08002904      0x4f0 ./Drivers/STM32F4xx_HAL_Driver/Src/stm32f4xx_hal_rcc.o
                0x08002904                HAL_RCC_OscConfig
 .text.HAL_RCC_ClockConfig
                0x08002df4      0x1cc ./Drivers/STM32F4xx_HAL_Driver/Src/stm32f4xx_hal_rcc.o
                0x08002df4                HAL_RCC_ClockConfig
 .text.HAL_RCC_GetSysClockFreq
                0x08002fc0      0x20c ./Drivers/STM32F4xx_HAL_Driver/Src/stm32f4xx_hal_rcc.o
                0x08002fc0                HAL_RCC_GetSysClockFreq
 .text.HAL_RCC_GetHCLKFreq
                0x080031cc       0x18 ./Drivers/STM32F4xx_HAL_Driver/Src/stm32f4xx_hal_rcc.o
                0x080031cc                HAL_RCC_GetHCLKFreq
 .text.HAL_RCC_GetPCLK1Freq
                0x080031e4       0x28 ./Drivers/STM32F4xx_HAL_Driver/Src/stm32f4xx_hal_rcc.o
                0x080031e4                HAL_RCC_GetPCLK1Freq
 .text.HAL_RCC_GetPCLK2Freq
                0x0800320c       0x28 ./Drivers/STM32F4xx_HAL_Driver/Src/stm32f4xx_hal_rcc.o
                0x0800320c                HAL_RCC_GetPCLK2Freq
 .text.HAL_RCC_GetClockConfig
                0x08003234       0x64 ./Drivers/STM32F4xx_HAL_Driver/Src/stm32f4xx_hal_rcc.o
                0x08003234                HAL_RCC_GetClockConfig
 .text.HAL_TIM_Base_Init
                0x08003298       0x9e ./Drivers/STM32F4xx_HAL_Driver/Src/stm32f4xx_hal_tim.o
                0x08003298                HAL_TIM_Base_Init
 *fill*         0x08003336        0x2 
 .text.HAL_TIM_Base_Start_IT
                0x08003338       0xc4 ./Drivers/STM32F4xx_HAL_Driver/Src/stm32f4xx_hal_tim.o
                0x08003338                HAL_TIM_Base_Start_IT
 .text.HAL_TIM_PWM_Init
                0x080033fc       0x9e ./Drivers/STM32F4xx_HAL_Driver/Src/stm32f4xx_hal_tim.o
                0x080033fc                HAL_TIM_PWM_Init
 .text.HAL_TIM_PWM_MspInit
                0x0800349a       0x14 ./Drivers/STM32F4xx_HAL_Driver/Src/stm32f4xx_hal_tim.o
                0x0800349a                HAL_TIM_PWM_MspInit
 *fill*         0x080034ae        0x2 
 .text.HAL_TIM_PWM_Start
                0x080034b0      0x160 ./Drivers/STM32F4xx_HAL_Driver/Src/stm32f4xx_hal_tim.o
                0x080034b0                HAL_TIM_PWM_Start
 .text.HAL_TIM_IC_Init
                0x08003610       0x9e ./Drivers/STM32F4xx_HAL_Driver/Src/stm32f4xx_hal_tim.o
                0x08003610                HAL_TIM_IC_Init
 .text.HAL_TIM_IC_MspInit
                0x080036ae       0x14 ./Drivers/STM32F4xx_HAL_Driver/Src/stm32f4xx_hal_tim.o
                0x080036ae                HAL_TIM_IC_MspInit
 *fill*         0x080036c2        0x2 
 .text.HAL_TIM_IC_Start_DMA
                0x080036c4      0x338 ./Drivers/STM32F4xx_HAL_Driver/Src/stm32f4xx_hal_tim.o
                0x080036c4                HAL_TIM_IC_Start_DMA
 .text.HAL_TIM_IRQHandler
                0x080039fc      0x1e0 ./Drivers/STM32F4xx_HAL_Driver/Src/stm32f4xx_hal_tim.o
                0x080039fc                HAL_TIM_IRQHandler
 .text.HAL_TIM_IC_ConfigChannel
                0x08003bdc      0x138 ./Drivers/STM32F4xx_HAL_Driver/Src/stm32f4xx_hal_tim.o
                0x08003bdc                HAL_TIM_IC_ConfigChannel
 .text.HAL_TIM_PWM_ConfigChannel
                0x08003d14      0x184 ./Drivers/STM32F4xx_HAL_Driver/Src/stm32f4xx_hal_tim.o
                0x08003d14                HAL_TIM_PWM_ConfigChannel
 .text.HAL_TIM_ConfigClockSource
                0x08003e98      0x18e ./Drivers/STM32F4xx_HAL_Driver/Src/stm32f4xx_hal_tim.o
                0x08003e98                HAL_TIM_ConfigClockSource
 .text.HAL_TIM_OC_DelayElapsedCallback
                0x08004026       0x14 ./Drivers/STM32F4xx_HAL_Driver/Src/stm32f4xx_hal_tim.o
                0x08004026                HAL_TIM_OC_DelayElapsedCallback
 .text.HAL_TIM_IC_CaptureCallback
                0x0800403a       0x14 ./Drivers/STM32F4xx_HAL_Driver/Src/stm32f4xx_hal_tim.o
                0x0800403a                HAL_TIM_IC_CaptureCallback
 .text.HAL_TIM_IC_CaptureHalfCpltCallback
                0x0800404e       0x14 ./Drivers/STM32F4xx_HAL_Driver/Src/stm32f4xx_hal_tim.o
                0x0800404e                HAL_TIM_IC_CaptureHalfCpltCallback
 .text.HAL_TIM_PWM_PulseFinishedCallback
                0x08004062       0x14 ./Drivers/STM32F4xx_HAL_Driver/Src/stm32f4xx_hal_tim.o
                0x08004062                HAL_TIM_PWM_PulseFinishedCallback
 .text.HAL_TIM_TriggerCallback
                0x08004076       0x14 ./Drivers/STM32F4xx_HAL_Driver/Src/stm32f4xx_hal_tim.o
                0x08004076                HAL_TIM_TriggerCallback
 .text.HAL_TIM_ErrorCallback
                0x0800408a       0x14 ./Drivers/STM32F4xx_HAL_Driver/Src/stm32f4xx_hal_tim.o
                0x0800408a                HAL_TIM_ErrorCallback
 .text.TIM_DMAError
                0x0800409e       0x92 ./Drivers/STM32F4xx_HAL_Driver/Src/stm32f4xx_hal_tim.o
                0x0800409e                TIM_DMAError
 .text.TIM_DMACaptureCplt
                0x08004130       0xc8 ./Drivers/STM32F4xx_HAL_Driver/Src/stm32f4xx_hal_tim.o
                0x08004130                TIM_DMACaptureCplt
 .text.TIM_DMACaptureHalfCplt
                0x080041f8       0x68 ./Drivers/STM32F4xx_HAL_Driver/Src/stm32f4xx_hal_tim.o
                0x080041f8                TIM_DMACaptureHalfCplt
 .text.TIM_Base_SetConfig
                0x08004260      0x118 ./Drivers/STM32F4xx_HAL_Driver/Src/stm32f4xx_hal_tim.o
                0x08004260                TIM_Base_SetConfig
 .text.TIM_OC1_SetConfig
                0x08004378       0xcc ./Drivers/STM32F4xx_HAL_Driver/Src/stm32f4xx_hal_tim.o
 .text.TIM_OC2_SetConfig
                0x08004444       0xd8 ./Drivers/STM32F4xx_HAL_Driver/Src/stm32f4xx_hal_tim.o
                0x08004444                TIM_OC2_SetConfig
 .text.TIM_OC3_SetConfig
                0x0800451c       0xd4 ./Drivers/STM32F4xx_HAL_Driver/Src/stm32f4xx_hal_tim.o
 .text.TIM_OC4_SetConfig
                0x080045f0       0xa0 ./Drivers/STM32F4xx_HAL_Driver/Src/stm32f4xx_hal_tim.o
 .text.TIM_TI1_SetConfig
                0x08004690       0xd0 ./Drivers/STM32F4xx_HAL_Driver/Src/stm32f4xx_hal_tim.o
                0x08004690                TIM_TI1_SetConfig
 .text.TIM_TI1_ConfigInputStage
                0x08004760       0x5e ./Drivers/STM32F4xx_HAL_Driver/Src/stm32f4xx_hal_tim.o
 .text.TIM_TI2_SetConfig
                0x080047be       0x7a ./Drivers/STM32F4xx_HAL_Driver/Src/stm32f4xx_hal_tim.o
 .text.TIM_TI2_ConfigInputStage
                0x08004838       0x60 ./Drivers/STM32F4xx_HAL_Driver/Src/stm32f4xx_hal_tim.o
 .text.TIM_TI3_SetConfig
                0x08004898       0x78 ./Drivers/STM32F4xx_HAL_Driver/Src/stm32f4xx_hal_tim.o
 .text.TIM_TI4_SetConfig
                0x08004910       0x7a ./Drivers/STM32F4xx_HAL_Driver/Src/stm32f4xx_hal_tim.o
 .text.TIM_ITRx_SetConfig
                0x0800498a       0x36 ./Drivers/STM32F4xx_HAL_Driver/Src/stm32f4xx_hal_tim.o
 .text.TIM_ETR_SetConfig
                0x080049c0       0x40 ./Drivers/STM32F4xx_HAL_Driver/Src/stm32f4xx_hal_tim.o
                0x080049c0                TIM_ETR_SetConfig
 .text.TIM_CCxChannelCmd
                0x08004a00       0x4a ./Drivers/STM32F4xx_HAL_Driver/Src/stm32f4xx_hal_tim.o
                0x08004a00                TIM_CCxChannelCmd
 *fill*         0x08004a4a        0x2 
 .text.HAL_TIMEx_MasterConfigSynchronization
                0x08004a4c       0xdc ./Drivers/STM32F4xx_HAL_Driver/Src/stm32f4xx_hal_tim_ex.o
                0x08004a4c                HAL_TIMEx_MasterConfigSynchronization
 .text.HAL_TIMEx_ConfigBreakDeadTime
                0x08004b28       0xa4 ./Drivers/STM32F4xx_HAL_Driver/Src/stm32f4xx_hal_tim_ex.o
                0x08004b28                HAL_TIMEx_ConfigBreakDeadTime
 .text.HAL_TIMEx_CommutCallback
                0x08004bcc       0x14 ./Drivers/STM32F4xx_HAL_Driver/Src/stm32f4xx_hal_tim_ex.o
                0x08004bcc                HAL_TIMEx_CommutCallback
 .text.HAL_TIMEx_BreakCallback
                0x08004be0       0x14 ./Drivers/STM32F4xx_HAL_Driver/Src/stm32f4xx_hal_tim_ex.o
                0x08004be0                HAL_TIMEx_BreakCallback
 .text.HAL_UART_Init
                0x08004bf4       0xa0 ./Drivers/STM32F4xx_HAL_Driver/Src/stm32f4xx_hal_uart.o
                0x08004bf4                HAL_UART_Init
 .text.HAL_UARTEx_ReceiveToIdle_IT
                0x08004c94       0xba ./Drivers/STM32F4xx_HAL_Driver/Src/stm32f4xx_hal_uart.o
                0x08004c94                HAL_UARTEx_ReceiveToIdle_IT
 *fill*         0x08004d4e        0x2 
 .text.HAL_UART_IRQHandler
                0x08004d50      0x524 ./Drivers/STM32F4xx_HAL_Driver/Src/stm32f4xx_hal_uart.o
                0x08004d50                HAL_UART_IRQHandler
 .text.HAL_UART_TxCpltCallback
                0x08005274       0x14 ./Drivers/STM32F4xx_HAL_Driver/Src/stm32f4xx_hal_uart.o
                0x08005274                HAL_UART_TxCpltCallback
 .text.HAL_UART_RxCpltCallback
                0x08005288       0x14 ./Drivers/STM32F4xx_HAL_Driver/Src/stm32f4xx_hal_uart.o
                0x08005288                HAL_UART_RxCpltCallback
 .text.HAL_UART_ErrorCallback
                0x0800529c       0x14 ./Drivers/STM32F4xx_HAL_Driver/Src/stm32f4xx_hal_uart.o
                0x0800529c                HAL_UART_ErrorCallback
 .text.UART_Start_Receive_IT
                0x080052b0       0x74 ./Drivers/STM32F4xx_HAL_Driver/Src/stm32f4xx_hal_uart.o
                0x080052b0                UART_Start_Receive_IT
 .text.UART_EndRxTransfer
                0x08005324       0xc6 ./Drivers/STM32F4xx_HAL_Driver/Src/stm32f4xx_hal_uart.o
 .text.UART_DMAAbortOnError
                0x080053ea       0x28 ./Drivers/STM32F4xx_HAL_Driver/Src/stm32f4xx_hal_uart.o
 .text.UART_Transmit_IT
                0x08005412       0xa0 ./Drivers/STM32F4xx_HAL_Driver/Src/stm32f4xx_hal_uart.o
 .text.UART_EndTransmit_IT
                0x080054b2       0x30 ./Drivers/STM32F4xx_HAL_Driver/Src/stm32f4xx_hal_uart.o
 .text.UART_Receive_IT
                0x080054e2      0x17c ./Drivers/STM32F4xx_HAL_Driver/Src/stm32f4xx_hal_uart.o
 *fill*         0x0800565e        0x2 
 .text.UART_SetConfig
                0x08005660      0x4e8 ./Drivers/STM32F4xx_HAL_Driver/Src/stm32f4xx_hal_uart.o
 .text.__NVIC_SetPriority
                0x08005b48       0x54 ./Middlewares/Third_Party/FreeRTOS/Source/CMSIS_RTOS_V2/cmsis_os2.o
 .text.SysTick_Handler
                0x08005b9c       0x20 ./Middlewares/Third_Party/FreeRTOS/Source/CMSIS_RTOS_V2/cmsis_os2.o
                0x08005b9c                SysTick_Handler
 .text.SVC_Setup
                0x08005bbc       0x12 ./Middlewares/Third_Party/FreeRTOS/Source/CMSIS_RTOS_V2/cmsis_os2.o
 *fill*         0x08005bce        0x2 
 .text.osKernelInitialize
                0x08005bd0       0x48 ./Middlewares/Third_Party/FreeRTOS/Source/CMSIS_RTOS_V2/cmsis_os2.o
                0x08005bd0                osKernelInitialize
 .text.osKernelStart
                0x08005c18       0x4c ./Middlewares/Third_Party/FreeRTOS/Source/CMSIS_RTOS_V2/cmsis_os2.o
                0x08005c18                osKernelStart
 .text.osThreadNew
                0x08005c64      0x124 ./Middlewares/Third_Party/FreeRTOS/Source/CMSIS_RTOS_V2/cmsis_os2.o
                0x08005c64                osThreadNew
 .text.osDelay  0x08005d88       0x36 ./Middlewares/Third_Party/FreeRTOS/Source/CMSIS_RTOS_V2/cmsis_os2.o
                0x08005d88                osDelay
 *fill*         0x08005dbe        0x2 
 .text.vApplicationGetIdleTaskMemory
                0x08005dc0       0x34 ./Middlewares/Third_Party/FreeRTOS/Source/CMSIS_RTOS_V2/cmsis_os2.o
                0x08005dc0                vApplicationGetIdleTaskMemory
 .text.vApplicationGetTimerTaskMemory
                0x08005df4       0x34 ./Middlewares/Third_Party/FreeRTOS/Source/CMSIS_RTOS_V2/cmsis_os2.o
                0x08005df4                vApplicationGetTimerTaskMemory
 .text.vListInitialise
                0x08005e28       0x40 ./Middlewares/Third_Party/FreeRTOS/Source/list.o
                0x08005e28                vListInitialise
 .text.vListInitialiseItem
                0x08005e68       0x1a ./Middlewares/Third_Party/FreeRTOS/Source/list.o
                0x08005e68                vListInitialiseItem
 .text.vListInsertEnd
                0x08005e82       0x48 ./Middlewares/Third_Party/FreeRTOS/Source/list.o
                0x08005e82                vListInsertEnd
 .text.vListInsert
                0x08005eca       0x72 ./Middlewares/Third_Party/FreeRTOS/Source/list.o
                0x08005eca                vListInsert
 .text.uxListRemove
                0x08005f3c       0x54 ./Middlewares/Third_Party/FreeRTOS/Source/list.o
                0x08005f3c                uxListRemove
 .text.xQueueGenericReset
                0x08005f90       0xd4 ./Middlewares/Third_Party/FreeRTOS/Source/queue.o
                0x08005f90                xQueueGenericReset
 .text.xQueueGenericCreateStatic
                0x08006064       0xfa ./Middlewares/Third_Party/FreeRTOS/Source/queue.o
                0x08006064                xQueueGenericCreateStatic
 .text.prvInitialiseNewQueue
                0x0800615e       0x46 ./Middlewares/Third_Party/FreeRTOS/Source/queue.o
 .text.xQueueGenericSend
                0x080061a4      0x204 ./Middlewares/Third_Party/FreeRTOS/Source/queue.o
                0x080061a4                xQueueGenericSend
 .text.xQueueGenericSendFromISR
                0x080063a8      0x13c ./Middlewares/Third_Party/FreeRTOS/Source/queue.o
                0x080063a8                xQueueGenericSendFromISR
 .text.xQueueReceive
                0x080064e4      0x1c4 ./Middlewares/Third_Party/FreeRTOS/Source/queue.o
                0x080064e4                xQueueReceive
 .text.prvCopyDataToQueue
                0x080066a8       0xd4 ./Middlewares/Third_Party/FreeRTOS/Source/queue.o
 .text.prvCopyDataFromQueue
                0x0800677c       0x4c ./Middlewares/Third_Party/FreeRTOS/Source/queue.o
 .text.prvUnlockQueue
                0x080067c8       0xa4 ./Middlewares/Third_Party/FreeRTOS/Source/queue.o
 .text.prvIsQueueEmpty
                0x0800686c       0x2c ./Middlewares/Third_Party/FreeRTOS/Source/queue.o
 .text.prvIsQueueFull
                0x08006898       0x30 ./Middlewares/Third_Party/FreeRTOS/Source/queue.o
 .text.vQueueAddToRegistry
                0x080068c8       0x54 ./Middlewares/Third_Party/FreeRTOS/Source/queue.o
                0x080068c8                vQueueAddToRegistry
 .text.vQueueWaitForMessageRestricted
                0x0800691c       0x68 ./Middlewares/Third_Party/FreeRTOS/Source/queue.o
                0x0800691c                vQueueWaitForMessageRestricted
 .text.xTaskCreateStatic
                0x08006984       0xc0 ./Middlewares/Third_Party/FreeRTOS/Source/tasks.o
                0x08006984                xTaskCreateStatic
 .text.xTaskCreate
                0x08006a44       0x8a ./Middlewares/Third_Party/FreeRTOS/Source/tasks.o
                0x08006a44                xTaskCreate
 *fill*         0x08006ace        0x2 
 .text.prvInitialiseNewTask
                0x08006ad0      0x150 ./Middlewares/Third_Party/FreeRTOS/Source/tasks.o
 .text.prvAddNewTaskToReadyList
                0x08006c20       0xe0 ./Middlewares/Third_Party/FreeRTOS/Source/tasks.o
 .text.vTaskDelay
                0x08006d00       0x6c ./Middlewares/Third_Party/FreeRTOS/Source/tasks.o
                0x08006d00                vTaskDelay
 .text.vTaskStartScheduler
                0x08006d6c       0xe0 ./Middlewares/Third_Party/FreeRTOS/Source/tasks.o
                0x08006d6c                vTaskStartScheduler
 .text.vTaskSuspendAll
                0x08006e4c       0x1c ./Middlewares/Third_Party/FreeRTOS/Source/tasks.o
                0x08006e4c                vTaskSuspendAll
 .text.xTaskResumeAll
                0x08006e68      0x13c ./Middlewares/Third_Party/FreeRTOS/Source/tasks.o
                0x08006e68                xTaskResumeAll
 .text.xTaskGetTickCount
                0x08006fa4       0x20 ./Middlewares/Third_Party/FreeRTOS/Source/tasks.o
                0x08006fa4                xTaskGetTickCount
 .text.xTaskIncrementTick
                0x08006fc4      0x174 ./Middlewares/Third_Party/FreeRTOS/Source/tasks.o
                0x08006fc4                xTaskIncrementTick
 .text.vTaskSwitchContext
                0x08007138       0xcc ./Middlewares/Third_Party/FreeRTOS/Source/tasks.o
                0x08007138                vTaskSwitchContext
 .text.vTaskPlaceOnEventList
                0x08007204       0x4c ./Middlewares/Third_Party/FreeRTOS/Source/tasks.o
                0x08007204                vTaskPlaceOnEventList
 .text.vTaskPlaceOnEventListRestricted
                0x08007250       0x58 ./Middlewares/Third_Party/FreeRTOS/Source/tasks.o
                0x08007250                vTaskPlaceOnEventListRestricted
 .text.xTaskRemoveFromEventList
                0x080072a8       0xc8 ./Middlewares/Third_Party/FreeRTOS/Source/tasks.o
                0x080072a8                xTaskRemoveFromEventList
 .text.vTaskInternalSetTimeOutState
                0x08007370       0x2c ./Middlewares/Third_Party/FreeRTOS/Source/tasks.o
                0x08007370                vTaskInternalSetTimeOutState
 .text.xTaskCheckForTimeOut
                0x0800739c       0xc8 ./Middlewares/Third_Party/FreeRTOS/Source/tasks.o
                0x0800739c                xTaskCheckForTimeOut
 .text.vTaskMissedYield
                0x08007464       0x18 ./Middlewares/Third_Party/FreeRTOS/Source/tasks.o
                0x08007464                vTaskMissedYield
 .text.prvIdleTask
                0x0800747c       0x30 ./Middlewares/Third_Party/FreeRTOS/Source/tasks.o
 .text.prvInitialiseTaskLists
                0x080074ac       0x80 ./Middlewares/Third_Party/FreeRTOS/Source/tasks.o
 .text.prvCheckTasksWaitingTermination
                0x0800752c       0x5c ./Middlewares/Third_Party/FreeRTOS/Source/tasks.o
 .text.prvDeleteTCB
                0x08007588       0x6a ./Middlewares/Third_Party/FreeRTOS/Source/tasks.o
 *fill*         0x080075f2        0x2 
 .text.prvResetNextTaskUnblockTime
                0x080075f4       0x40 ./Middlewares/Third_Party/FreeRTOS/Source/tasks.o
 .text.xTaskGetSchedulerState
                0x08007634       0x3c ./Middlewares/Third_Party/FreeRTOS/Source/tasks.o
                0x08007634                xTaskGetSchedulerState
 .text.xTaskPriorityDisinherit
                0x08007670       0xe0 ./Middlewares/Third_Party/FreeRTOS/Source/tasks.o
                0x08007670                xTaskPriorityDisinherit
 .text.prvAddCurrentTaskToDelayedList
                0x08007750       0xa8 ./Middlewares/Third_Party/FreeRTOS/Source/tasks.o
 .text.xTimerCreateTimerTask
                0x080077f8       0x94 ./Middlewares/Third_Party/FreeRTOS/Source/timers.o
                0x080077f8                xTimerCreateTimerTask
 .text.xTimerGenericCommand
                0x0800788c       0x9c ./Middlewares/Third_Party/FreeRTOS/Source/timers.o
                0x0800788c                xTimerGenericCommand
 .text.prvProcessExpiredTimer
                0x08007928       0x9c ./Middlewares/Third_Party/FreeRTOS/Source/timers.o
 .text.prvTimerTask
                0x080079c4       0x26 ./Middlewares/Third_Party/FreeRTOS/Source/timers.o
 *fill*         0x080079ea        0x2 
 .text.prvProcessTimerOrBlockTask
                0x080079ec       0x9c ./Middlewares/Third_Party/FreeRTOS/Source/timers.o
 .text.prvGetNextExpireTime
                0x08007a88       0x48 ./Middlewares/Third_Party/FreeRTOS/Source/timers.o
 .text.prvSampleTimeNow
                0x08007ad0       0x40 ./Middlewares/Third_Party/FreeRTOS/Source/timers.o
 .text.prvInsertTimerInActiveList
                0x08007b10       0x84 ./Middlewares/Third_Party/FreeRTOS/Source/timers.o
 .text.prvProcessReceivedCommands
                0x08007b94      0x1cc ./Middlewares/Third_Party/FreeRTOS/Source/timers.o
 .text.prvSwitchTimerLists
                0x08007d60       0xcc ./Middlewares/Third_Party/FreeRTOS/Source/timers.o
 .text.prvCheckForValidListAndQueue
                0x08007e2c       0x80 ./Middlewares/Third_Party/FreeRTOS/Source/timers.o
 .text.pxPortInitialiseStack
                0x08007eac       0x68 ./Middlewares/Third_Party/FreeRTOS/Source/portable/GCC/ARM_CM4F/port.o
                0x08007eac                pxPortInitialiseStack
 .text.prvTaskExitError
                0x08007f14       0x5c ./Middlewares/Third_Party/FreeRTOS/Source/portable/GCC/ARM_CM4F/port.o
 .text.SVC_Handler
                0x08007f70       0x28 ./Middlewares/Third_Party/FreeRTOS/Source/portable/GCC/ARM_CM4F/port.o
                0x08007f70                SVC_Handler
 .text.prvPortStartFirstTask
                0x08007f98       0x28 ./Middlewares/Third_Party/FreeRTOS/Source/portable/GCC/ARM_CM4F/port.o
 .text.xPortStartScheduler
                0x08007fc0      0x148 ./Middlewares/Third_Party/FreeRTOS/Source/portable/GCC/ARM_CM4F/port.o
                0x08007fc0                xPortStartScheduler
 .text.vPortEnterCritical
                0x08008108       0x64 ./Middlewares/Third_Party/FreeRTOS/Source/portable/GCC/ARM_CM4F/port.o
                0x08008108                vPortEnterCritical
 .text.vPortExitCritical
                0x0800816c       0x54 ./Middlewares/Third_Party/FreeRTOS/Source/portable/GCC/ARM_CM4F/port.o
                0x0800816c                vPortExitCritical
 .text.PendSV_Handler
                0x080081c0       0x68 ./Middlewares/Third_Party/FreeRTOS/Source/portable/GCC/ARM_CM4F/port.o
                0x080081c0                PendSV_Handler
 .text.xPortSysTickHandler
                0x08008228       0x44 ./Middlewares/Third_Party/FreeRTOS/Source/portable/GCC/ARM_CM4F/port.o
                0x08008228                xPortSysTickHandler
 .text.vPortSetupTimerInterrupt
                0x0800826c       0x48 ./Middlewares/Third_Party/FreeRTOS/Source/portable/GCC/ARM_CM4F/port.o
                0x0800826c                vPortSetupTimerInterrupt
 .text.vPortEnableVFP
                0x080082b4       0x14 ./Middlewares/Third_Party/FreeRTOS/Source/portable/GCC/ARM_CM4F/port.o
 .text.vPortValidateInterruptPriority
                0x080082c8       0x84 ./Middlewares/Third_Party/FreeRTOS/Source/portable/GCC/ARM_CM4F/port.o
                0x080082c8                vPortValidateInterruptPriority
 .text.pvPortMalloc
                0x0800834c      0x19c ./Middlewares/Third_Party/FreeRTOS/Source/portable/MemMang/heap_4.o
                0x0800834c                pvPortMalloc
 .text.vPortFree
                0x080084e8       0xc8 ./Middlewares/Third_Party/FreeRTOS/Source/portable/MemMang/heap_4.o
                0x080084e8                vPortFree
 .text.prvHeapInit
                0x080085b0       0xc4 ./Middlewares/Third_Party/FreeRTOS/Source/portable/MemMang/heap_4.o
 .text.prvInsertBlockIntoFreeList
                0x08008674       0xb4 ./Middlewares/Third_Party/FreeRTOS/Source/portable/MemMang/heap_4.o
 .text.memset   0x08008728       0x10 C:/ST/STM32CubeIDE_1.13.0/STM32CubeIDE/plugins/com.st.stm32cube.ide.mcu.externaltools.gnu-tools-for-stm32.12.3.rel1.win32_1.0.200.202406191623/tools/bin/../lib/gcc/arm-none-eabi/12.3.1/../../../../arm-none-eabi/lib/thumb/v7e-m+fp/hard\libc_nano.a(libc_a-memset.o)
                0x08008728                memset
 .text._reclaim_reent
                0x08008738       0xac C:/ST/STM32CubeIDE_1.13.0/STM32CubeIDE/plugins/com.st.stm32cube.ide.mcu.externaltools.gnu-tools-for-stm32.12.3.rel1.win32_1.0.200.202406191623/tools/bin/../lib/gcc/arm-none-eabi/12.3.1/../../../../arm-none-eabi/lib/thumb/v7e-m+fp/hard\libc_nano.a(libc_a-reent.o)
                0x08008738                _reclaim_reent
 .text.__libc_init_array
                0x080087e4       0x48 C:/ST/STM32CubeIDE_1.13.0/STM32CubeIDE/plugins/com.st.stm32cube.ide.mcu.externaltools.gnu-tools-for-stm32.12.3.rel1.win32_1.0.200.202406191623/tools/bin/../lib/gcc/arm-none-eabi/12.3.1/../../../../arm-none-eabi/lib/thumb/v7e-m+fp/hard\libc_nano.a(libc_a-init.o)
                0x080087e4                __libc_init_array
 .text.__retarget_lock_acquire_recursive
                0x0800882c        0x2 C:/ST/STM32CubeIDE_1.13.0/STM32CubeIDE/plugins/com.st.stm32cube.ide.mcu.externaltools.gnu-tools-for-stm32.12.3.rel1.win32_1.0.200.202406191623/tools/bin/../lib/gcc/arm-none-eabi/12.3.1/../../../../arm-none-eabi/lib/thumb/v7e-m+fp/hard\libc_nano.a(libc_a-lock.o)
                0x0800882c                __retarget_lock_acquire_recursive
 .text.__retarget_lock_release_recursive
                0x0800882e        0x2 C:/ST/STM32CubeIDE_1.13.0/STM32CubeIDE/plugins/com.st.stm32cube.ide.mcu.externaltools.gnu-tools-for-stm32.12.3.rel1.win32_1.0.200.202406191623/tools/bin/../lib/gcc/arm-none-eabi/12.3.1/../../../../arm-none-eabi/lib/thumb/v7e-m+fp/hard\libc_nano.a(libc_a-lock.o)
                0x0800882e                __retarget_lock_release_recursive
 .text.memcpy   0x08008830       0x1c C:/ST/STM32CubeIDE_1.13.0/STM32CubeIDE/plugins/com.st.stm32cube.ide.mcu.externaltools.gnu-tools-for-stm32.12.3.rel1.win32_1.0.200.202406191623/tools/bin/../lib/gcc/arm-none-eabi/12.3.1/../../../../arm-none-eabi/lib/thumb/v7e-m+fp/hard\libc_nano.a(libc_a-memcpy-stub.o)
                0x08008830                memcpy
 .text._free_r  0x0800884c       0x94 C:/ST/STM32CubeIDE_1.13.0/STM32CubeIDE/plugins/com.st.stm32cube.ide.mcu.externaltools.gnu-tools-for-stm32.12.3.rel1.win32_1.0.200.202406191623/tools/bin/../lib/gcc/arm-none-eabi/12.3.1/../../../../arm-none-eabi/lib/thumb/v7e-m+fp/hard\libc_nano.a(libc_a-freer.o)
                0x0800884c                _free_r
 .text.__malloc_lock
                0x080088e0        0xc C:/ST/STM32CubeIDE_1.13.0/STM32CubeIDE/plugins/com.st.stm32cube.ide.mcu.externaltools.gnu-tools-for-stm32.12.3.rel1.win32_1.0.200.202406191623/tools/bin/../lib/gcc/arm-none-eabi/12.3.1/../../../../arm-none-eabi/lib/thumb/v7e-m+fp/hard\libc_nano.a(libc_a-mlock.o)
                0x080088e0                __malloc_lock
 .text.__malloc_unlock
                0x080088ec        0xc C:/ST/STM32CubeIDE_1.13.0/STM32CubeIDE/plugins/com.st.stm32cube.ide.mcu.externaltools.gnu-tools-for-stm32.12.3.rel1.win32_1.0.200.202406191623/tools/bin/../lib/gcc/arm-none-eabi/12.3.1/../../../../arm-none-eabi/lib/thumb/v7e-m+fp/hard\libc_nano.a(libc_a-mlock.o)
                0x080088ec                __malloc_unlock
 *(.glue_7)
 .glue_7        0x080088f8        0x0 linker stubs
 *(.glue_7t)
 .glue_7t       0x080088f8        0x0 linker stubs
 *(.eh_frame)
 .eh_frame      0x080088f8        0x0 C:/ST/STM32CubeIDE_1.13.0/STM32CubeIDE/plugins/com.st.stm32cube.ide.mcu.externaltools.gnu-tools-for-stm32.12.3.rel1.win32_1.0.200.202406191623/tools/bin/../lib/gcc/arm-none-eabi/12.3.1/thumb/v7e-m+fp/hard/crtbegin.o
 *(.init)
 .init          0x080088f8        0x4 C:/ST/STM32CubeIDE_1.13.0/STM32CubeIDE/plugins/com.st.stm32cube.ide.mcu.externaltools.gnu-tools-for-stm32.12.3.rel1.win32_1.0.200.202406191623/tools/bin/../lib/gcc/arm-none-eabi/12.3.1/thumb/v7e-m+fp/hard/crti.o
                0x080088f8                _init
 .init          0x080088fc        0x8 C:/ST/STM32CubeIDE_1.13.0/STM32CubeIDE/plugins/com.st.stm32cube.ide.mcu.externaltools.gnu-tools-for-stm32.12.3.rel1.win32_1.0.200.202406191623/tools/bin/../lib/gcc/arm-none-eabi/12.3.1/thumb/v7e-m+fp/hard/crtn.o
 *(.fini)
 .fini          0x08008904        0x4 C:/ST/STM32CubeIDE_1.13.0/STM32CubeIDE/plugins/com.st.stm32cube.ide.mcu.externaltools.gnu-tools-for-stm32.12.3.rel1.win32_1.0.200.202406191623/tools/bin/../lib/gcc/arm-none-eabi/12.3.1/thumb/v7e-m+fp/hard/crti.o
                0x08008904                _fini
 .fini          0x08008908        0x8 C:/ST/STM32CubeIDE_1.13.0/STM32CubeIDE/plugins/com.st.stm32cube.ide.mcu.externaltools.gnu-tools-for-stm32.12.3.rel1.win32_1.0.200.202406191623/tools/bin/../lib/gcc/arm-none-eabi/12.3.1/thumb/v7e-m+fp/hard/crtn.o
                0x08008910                        . = ALIGN (0x4)
                0x08008910                        _etext = .

.vfp11_veneer   0x08008910        0x0
 .vfp11_veneer  0x08008910        0x0 linker stubs

.v4_bx          0x08008910        0x0
 .v4_bx         0x08008910        0x0 linker stubs

.iplt           0x08008910        0x0
 .iplt          0x08008910        0x0 C:/ST/STM32CubeIDE_1.13.0/STM32CubeIDE/plugins/com.st.stm32cube.ide.mcu.externaltools.gnu-tools-for-stm32.12.3.rel1.win32_1.0.200.202406191623/tools/bin/../lib/gcc/arm-none-eabi/12.3.1/thumb/v7e-m+fp/hard/crtbegin.o

.rodata         0x08008910       0xcc
                0x08008910                        . = ALIGN (0x4)
 *(.rodata)
 .rodata        0x08008910       0x25 ./Core/Src/freertos.o
 *fill*         0x08008935        0x3 
 .rodata        0x08008938        0x5 ./Middlewares/Third_Party/FreeRTOS/Source/tasks.o
 *fill*         0x0800893d        0x3 
 .rodata        0x08008940        0xd ./Middlewares/Third_Party/FreeRTOS/Source/timers.o
 *(.rodata*)
 *fill*         0x0800894d        0x3 
 .rodata.StartDefaultTas_attributes
                0x08008950       0x24 ./Core/Src/freertos.o
                0x08008950                StartDefaultTas_attributes
 .rodata.myTask02_attributes
                0x08008974       0x24 ./Core/Src/freertos.o
                0x08008974                myTask02_attributes
 .rodata.myTask03_attributes
                0x08008998       0x24 ./Core/Src/freertos.o
                0x08008998                myTask03_attributes
 .rodata.AHBPrescTable
                0x080089bc       0x10 ./Core/Src/system_stm32f4xx.o
                0x080089bc                AHBPrescTable
 .rodata.APBPrescTable
                0x080089cc        0x8 ./Core/Src/system_stm32f4xx.o
                0x080089cc                APBPrescTable
 .rodata.flagBitshiftOffset.0
                0x080089d4        0x8 ./Drivers/STM32F4xx_HAL_Driver/Src/stm32f4xx_hal_dma.o
                0x080089dc                        . = ALIGN (0x4)

.ARM.extab      0x080089dc        0x0
                0x080089dc                        . = ALIGN (0x4)
 *(.ARM.extab* .gnu.linkonce.armextab.*)
                0x080089dc                        . = ALIGN (0x4)

.ARM            0x080089dc        0x8
                0x080089dc                        . = ALIGN (0x4)
                0x080089dc                        __exidx_start = .
 *(.ARM.exidx*)
 .ARM.exidx     0x080089dc        0x8 C:/ST/STM32CubeIDE_1.13.0/STM32CubeIDE/plugins/com.st.stm32cube.ide.mcu.externaltools.gnu-tools-for-stm32.12.3.rel1.win32_1.0.200.202406191623/tools/bin/../lib/gcc/arm-none-eabi/12.3.1/thumb/v7e-m+fp/hard\libgcc.a(_udivmoddi4.o)
                0x080089e4                        __exidx_end = .
                0x080089e4                        . = ALIGN (0x4)

.preinit_array  0x080089e4        0x0
                0x080089e4                        . = ALIGN (0x4)
                0x080089e4                        PROVIDE (__preinit_array_start = .)
 *(.preinit_array*)
                0x080089e4                        PROVIDE (__preinit_array_end = .)
                0x080089e4                        . = ALIGN (0x4)

.init_array     0x080089e4        0x4
                0x080089e4                        . = ALIGN (0x4)
                0x080089e4                        PROVIDE (__init_array_start = .)
 *(SORT_BY_NAME(.init_array.*))
 *(.init_array*)
 .init_array    0x080089e4        0x4 C:/ST/STM32CubeIDE_1.13.0/STM32CubeIDE/plugins/com.st.stm32cube.ide.mcu.externaltools.gnu-tools-for-stm32.12.3.rel1.win32_1.0.200.202406191623/tools/bin/../lib/gcc/arm-none-eabi/12.3.1/thumb/v7e-m+fp/hard/crtbegin.o
                0x080089e8                        PROVIDE (__init_array_end = .)
                0x080089e8                        . = ALIGN (0x4)

.fini_array     0x080089e8        0x4
                0x080089e8                        . = ALIGN (0x4)
                [!provide]                        PROVIDE (__fini_array_start = .)
 *(SORT_BY_NAME(.fini_array.*))
 *(.fini_array*)
 .fini_array    0x080089e8        0x4 C:/ST/STM32CubeIDE_1.13.0/STM32CubeIDE/plugins/com.st.stm32cube.ide.mcu.externaltools.gnu-tools-for-stm32.12.3.rel1.win32_1.0.200.202406191623/tools/bin/../lib/gcc/arm-none-eabi/12.3.1/thumb/v7e-m+fp/hard/crtbegin.o
                [!provide]                        PROVIDE (__fini_array_end = .)
                0x080089ec                        . = ALIGN (0x4)
                0x080089ec                        _sidata = LOADADDR (.data)

.rel.dyn        0x080089ec        0x0
 .rel.iplt      0x080089ec        0x0 C:/ST/STM32CubeIDE_1.13.0/STM32CubeIDE/plugins/com.st.stm32cube.ide.mcu.externaltools.gnu-tools-for-stm32.12.3.rel1.win32_1.0.200.202406191623/tools/bin/../lib/gcc/arm-none-eabi/12.3.1/thumb/v7e-m+fp/hard/crtbegin.o

.data           0x20000000       0x6c load address 0x080089ec
                0x20000000                        . = ALIGN (0x4)
                0x20000000                        _sdata = .
 *(.data)
 *(.data*)
 .data.speed    0x20000000        0x2 ./Core/Src/bluetooth.o
                0x20000000                speed
 *fill*         0x20000002        0x2 
 .data.speedState
                0x20000004        0x6 ./Core/Src/bluetooth.o
 *fill*         0x2000000a        0x2 
 .data.SystemCoreClock
                0x2000000c        0x4 ./Core/Src/system_stm32f4xx.o
                0x2000000c                SystemCoreClock
 .data.uwTickPrio
                0x20000010        0x4 ./Drivers/STM32F4xx_HAL_Driver/Src/stm32f4xx_hal.o
                0x20000010                uwTickPrio
 .data.uwTickFreq
                0x20000014        0x1 ./Drivers/STM32F4xx_HAL_Driver/Src/stm32f4xx_hal.o
                0x20000014                uwTickFreq
 *fill*         0x20000015        0x3 
 .data.uxCriticalNesting
                0x20000018        0x4 ./Middlewares/Third_Party/FreeRTOS/Source/portable/GCC/ARM_CM4F/port.o
 .data._impure_ptr
                0x2000001c        0x4 C:/ST/STM32CubeIDE_1.13.0/STM32CubeIDE/plugins/com.st.stm32cube.ide.mcu.externaltools.gnu-tools-for-stm32.12.3.rel1.win32_1.0.200.202406191623/tools/bin/../lib/gcc/arm-none-eabi/12.3.1/../../../../arm-none-eabi/lib/thumb/v7e-m+fp/hard\libc_nano.a(libc_a-impure.o)
                0x2000001c                _impure_ptr
 .data._impure_data
                0x20000020       0x4c C:/ST/STM32CubeIDE_1.13.0/STM32CubeIDE/plugins/com.st.stm32cube.ide.mcu.externaltools.gnu-tools-for-stm32.12.3.rel1.win32_1.0.200.202406191623/tools/bin/../lib/gcc/arm-none-eabi/12.3.1/../../../../arm-none-eabi/lib/thumb/v7e-m+fp/hard\libc_nano.a(libc_a-impure.o)
                0x20000020                _impure_data
 *(.RamFunc)
 *(.RamFunc*)
                0x2000006c                        . = ALIGN (0x4)
                0x2000006c                        _edata = .

.igot.plt       0x2000006c        0x0 load address 0x08008a58
 .igot.plt      0x2000006c        0x0 C:/ST/STM32CubeIDE_1.13.0/STM32CubeIDE/plugins/com.st.stm32cube.ide.mcu.externaltools.gnu-tools-for-stm32.12.3.rel1.win32_1.0.200.202406191623/tools/bin/../lib/gcc/arm-none-eabi/12.3.1/thumb/v7e-m+fp/hard/crtbegin.o
                0x2000006c                        . = ALIGN (0x4)

.bss            0x2000006c     0x4ffc load address 0x08008a58
                0x2000006c                        _sbss = .
                0x2000006c                        __bss_start__ = _sbss
 *(.bss)
 .bss           0x2000006c       0x1c C:/ST/STM32CubeIDE_1.13.0/STM32CubeIDE/plugins/com.st.stm32cube.ide.mcu.externaltools.gnu-tools-for-stm32.12.3.rel1.win32_1.0.200.202406191623/tools/bin/../lib/gcc/arm-none-eabi/12.3.1/thumb/v7e-m+fp/hard/crtbegin.o
 *(.bss*)
 .bss.str_peri  0x20000088        0x1 ./Core/Src/bluetooth.o
                0x20000088                str_peri
 .bss.autoDrive_flag
                0x20000089        0x1 ./Core/Src/bluetooth.o
                0x20000089                autoDrive_flag
 .bss.speedIndex
                0x2000008a        0x2 ./Core/Src/bluetooth.o
 .bss.StartDefaultTasHandle
                0x2000008c        0x4 ./Core/Src/freertos.o
                0x2000008c                StartDefaultTasHandle
 .bss.myTask02Handle
                0x20000090        0x4 ./Core/Src/freertos.o
                0x20000090                myTask02Handle
 .bss.myTask03Handle
                0x20000094        0x4 ./Core/Src/freertos.o
                0x20000094                myTask03Handle
 .bss.echo_left_time
                0x20000098        0x4 ./Core/Src/sensor.o
                0x20000098                echo_left_time
 .bss.echo_center_time
                0x2000009c        0x4 ./Core/Src/sensor.o
                0x2000009c                echo_center_time
 .bss.echo_right_time
                0x200000a0        0x4 ./Core/Src/sensor.o
                0x200000a0                echo_right_time
 .bss.echo_left_rise_time
                0x200000a4        0x4 ./Core/Src/sensor.o
                0x200000a4                echo_left_rise_time
 .bss.echo_left_fall_time
                0x200000a8        0x4 ./Core/Src/sensor.o
                0x200000a8                echo_left_fall_time
 .bss.echo_center_rise_time
                0x200000ac        0x4 ./Core/Src/sensor.o
                0x200000ac                echo_center_rise_time
 .bss.echo_center_fall_time
                0x200000b0        0x4 ./Core/Src/sensor.o
                0x200000b0                echo_center_fall_time
 .bss.echo_right_rise_time
                0x200000b4        0x4 ./Core/Src/sensor.o
                0x200000b4                echo_right_rise_time
 .bss.echo_right_fall_time
                0x200000b8        0x4 ./Core/Src/sensor.o
                0x200000b8                echo_right_fall_time
 .bss.htim9     0x200000bc       0x48 ./Core/Src/stm32f4xx_hal_timebase_tim.o
                0x200000bc                htim9
 .bss.htim1     0x20000104       0x48 ./Core/Src/tim.o
                0x20000104                htim1
 .bss.htim2     0x2000014c       0x48 ./Core/Src/tim.o
                0x2000014c                htim2
 .bss.htim3     0x20000194       0x48 ./Core/Src/tim.o
                0x20000194                htim3
 .bss.htim4     0x200001dc       0x48 ./Core/Src/tim.o
                0x200001dc                htim4
 .bss.htim11    0x20000224       0x48 ./Core/Src/tim.o
                0x20000224                htim11
 .bss.hdma_tim3_ch1_trig
                0x2000026c       0x60 ./Core/Src/tim.o
                0x2000026c                hdma_tim3_ch1_trig
 .bss.hdma_tim3_ch2
                0x200002cc       0x60 ./Core/Src/tim.o
                0x200002cc                hdma_tim3_ch2
 .bss.hdma_tim3_ch3
                0x2000032c       0x60 ./Core/Src/tim.o
                0x2000032c                hdma_tim3_ch3
 .bss.hdma_tim3_ch4_up
                0x2000038c       0x60 ./Core/Src/tim.o
                0x2000038c                hdma_tim3_ch4_up
 .bss.hdma_tim4_ch1
                0x200003ec       0x60 ./Core/Src/tim.o
                0x200003ec                hdma_tim4_ch1
 .bss.hdma_tim4_ch2
                0x2000044c       0x60 ./Core/Src/tim.o
                0x2000044c                hdma_tim4_ch2
 .bss.huart1    0x200004ac       0x48 ./Core/Src/usart.o
                0x200004ac                huart1
 .bss.huart2    0x200004f4       0x48 ./Core/Src/usart.o
                0x200004f4                huart2
 .bss.uwTick    0x2000053c        0x4 ./Drivers/STM32F4xx_HAL_Driver/Src/stm32f4xx_hal.o
                0x2000053c                uwTick
 .bss.KernelState
                0x20000540        0x4 ./Middlewares/Third_Party/FreeRTOS/Source/CMSIS_RTOS_V2/cmsis_os2.o
 .bss.Idle_TCB.3
                0x20000544       0xa8 ./Middlewares/Third_Party/FreeRTOS/Source/CMSIS_RTOS_V2/cmsis_os2.o
 .bss.Idle_Stack.2
                0x200005ec      0x200 ./Middlewares/Third_Party/FreeRTOS/Source/CMSIS_RTOS_V2/cmsis_os2.o
 .bss.Timer_TCB.1
                0x200007ec       0xa8 ./Middlewares/Third_Party/FreeRTOS/Source/CMSIS_RTOS_V2/cmsis_os2.o
 .bss.Timer_Stack.0
                0x20000894      0x400 ./Middlewares/Third_Party/FreeRTOS/Source/CMSIS_RTOS_V2/cmsis_os2.o
 .bss.xQueueRegistry
                0x20000c94       0x40 ./Middlewares/Third_Party/FreeRTOS/Source/queue.o
                0x20000c94                xQueueRegistry
 .bss.pxCurrentTCB
                0x20000cd4        0x4 ./Middlewares/Third_Party/FreeRTOS/Source/tasks.o
                0x20000cd4                pxCurrentTCB
 .bss.pxReadyTasksLists
                0x20000cd8      0x460 ./Middlewares/Third_Party/FreeRTOS/Source/tasks.o
 .bss.xDelayedTaskList1
                0x20001138       0x14 ./Middlewares/Third_Party/FreeRTOS/Source/tasks.o
 .bss.xDelayedTaskList2
                0x2000114c       0x14 ./Middlewares/Third_Party/FreeRTOS/Source/tasks.o
 .bss.pxDelayedTaskList
                0x20001160        0x4 ./Middlewares/Third_Party/FreeRTOS/Source/tasks.o
 .bss.pxOverflowDelayedTaskList
                0x20001164        0x4 ./Middlewares/Third_Party/FreeRTOS/Source/tasks.o
 .bss.xPendingReadyList
                0x20001168       0x14 ./Middlewares/Third_Party/FreeRTOS/Source/tasks.o
 .bss.xTasksWaitingTermination
                0x2000117c       0x14 ./Middlewares/Third_Party/FreeRTOS/Source/tasks.o
 .bss.uxDeletedTasksWaitingCleanUp
                0x20001190        0x4 ./Middlewares/Third_Party/FreeRTOS/Source/tasks.o
 .bss.xSuspendedTaskList
                0x20001194       0x14 ./Middlewares/Third_Party/FreeRTOS/Source/tasks.o
 .bss.uxCurrentNumberOfTasks
                0x200011a8        0x4 ./Middlewares/Third_Party/FreeRTOS/Source/tasks.o
 .bss.xTickCount
                0x200011ac        0x4 ./Middlewares/Third_Party/FreeRTOS/Source/tasks.o
 .bss.uxTopReadyPriority
                0x200011b0        0x4 ./Middlewares/Third_Party/FreeRTOS/Source/tasks.o
 .bss.xSchedulerRunning
                0x200011b4        0x4 ./Middlewares/Third_Party/FreeRTOS/Source/tasks.o
 .bss.xPendedTicks
                0x200011b8        0x4 ./Middlewares/Third_Party/FreeRTOS/Source/tasks.o
 .bss.xYieldPending
                0x200011bc        0x4 ./Middlewares/Third_Party/FreeRTOS/Source/tasks.o
 .bss.xNumOfOverflows
                0x200011c0        0x4 ./Middlewares/Third_Party/FreeRTOS/Source/tasks.o
 .bss.uxTaskNumber
                0x200011c4        0x4 ./Middlewares/Third_Party/FreeRTOS/Source/tasks.o
 .bss.xNextTaskUnblockTime
                0x200011c8        0x4 ./Middlewares/Third_Party/FreeRTOS/Source/tasks.o
 .bss.xIdleTaskHandle
                0x200011cc        0x4 ./Middlewares/Third_Party/FreeRTOS/Source/tasks.o
 .bss.uxSchedulerSuspended
                0x200011d0        0x4 ./Middlewares/Third_Party/FreeRTOS/Source/tasks.o
 .bss.xActiveTimerList1
                0x200011d4       0x14 ./Middlewares/Third_Party/FreeRTOS/Source/timers.o
 .bss.xActiveTimerList2
                0x200011e8       0x14 ./Middlewares/Third_Party/FreeRTOS/Source/timers.o
 .bss.pxCurrentTimerList
                0x200011fc        0x4 ./Middlewares/Third_Party/FreeRTOS/Source/timers.o
 .bss.pxOverflowTimerList
                0x20001200        0x4 ./Middlewares/Third_Party/FreeRTOS/Source/timers.o
 .bss.xTimerQueue
                0x20001204        0x4 ./Middlewares/Third_Party/FreeRTOS/Source/timers.o
 .bss.xTimerTaskHandle
                0x20001208        0x4 ./Middlewares/Third_Party/FreeRTOS/Source/timers.o
 .bss.xLastTime.2
                0x2000120c        0x4 ./Middlewares/Third_Party/FreeRTOS/Source/timers.o
 .bss.ucStaticTimerQueueStorage.1
                0x20001210       0xa0 ./Middlewares/Third_Party/FreeRTOS/Source/timers.o
 .bss.xStaticTimerQueue.0
                0x200012b0       0x50 ./Middlewares/Third_Party/FreeRTOS/Source/timers.o
 .bss.ucMaxSysCallPriority
                0x20001300        0x1 ./Middlewares/Third_Party/FreeRTOS/Source/portable/GCC/ARM_CM4F/port.o
 *fill*         0x20001301        0x3 
 .bss.ulMaxPRIGROUPValue
                0x20001304        0x4 ./Middlewares/Third_Party/FreeRTOS/Source/portable/GCC/ARM_CM4F/port.o
 .bss.ucHeap    0x20001308     0x3c00 ./Middlewares/Third_Party/FreeRTOS/Source/portable/MemMang/heap_4.o
 .bss.xStart    0x20004f08        0x8 ./Middlewares/Third_Party/FreeRTOS/Source/portable/MemMang/heap_4.o
 .bss.pxEnd     0x20004f10        0x4 ./Middlewares/Third_Party/FreeRTOS/Source/portable/MemMang/heap_4.o
 .bss.xFreeBytesRemaining
                0x20004f14        0x4 ./Middlewares/Third_Party/FreeRTOS/Source/portable/MemMang/heap_4.o
 .bss.xMinimumEverFreeBytesRemaining
                0x20004f18        0x4 ./Middlewares/Third_Party/FreeRTOS/Source/portable/MemMang/heap_4.o
 .bss.xNumberOfSuccessfulAllocations
                0x20004f1c        0x4 ./Middlewares/Third_Party/FreeRTOS/Source/portable/MemMang/heap_4.o
 .bss.xNumberOfSuccessfulFrees
                0x20004f20        0x4 ./Middlewares/Third_Party/FreeRTOS/Source/portable/MemMang/heap_4.o
 .bss.xBlockAllocatedBit
                0x20004f24        0x4 ./Middlewares/Third_Party/FreeRTOS/Source/portable/MemMang/heap_4.o
 .bss.__sf      0x20004f28      0x138 C:/ST/STM32CubeIDE_1.13.0/STM32CubeIDE/plugins/com.st.stm32cube.ide.mcu.externaltools.gnu-tools-for-stm32.12.3.rel1.win32_1.0.200.202406191623/tools/bin/../lib/gcc/arm-none-eabi/12.3.1/../../../../arm-none-eabi/lib/thumb/v7e-m+fp/hard\libc_nano.a(libc_a-findfp.o)
                0x20004f28                __sf
 .bss.__lock___malloc_recursive_mutex
                0x20005060        0x1 C:/ST/STM32CubeIDE_1.13.0/STM32CubeIDE/plugins/com.st.stm32cube.ide.mcu.externaltools.gnu-tools-for-stm32.12.3.rel1.win32_1.0.200.202406191623/tools/bin/../lib/gcc/arm-none-eabi/12.3.1/../../../../arm-none-eabi/lib/thumb/v7e-m+fp/hard\libc_nano.a(libc_a-lock.o)
                0x20005060                __lock___malloc_recursive_mutex
 *fill*         0x20005061        0x3 
 .bss.__malloc_free_list
                0x20005064        0x4 C:/ST/STM32CubeIDE_1.13.0/STM32CubeIDE/plugins/com.st.stm32cube.ide.mcu.externaltools.gnu-tools-for-stm32.12.3.rel1.win32_1.0.200.202406191623/tools/bin/../lib/gcc/arm-none-eabi/12.3.1/../../../../arm-none-eabi/lib/thumb/v7e-m+fp/hard\libc_nano.a(libc_a-mallocr.o)
                0x20005064                __malloc_free_list
 *(COMMON)
                0x20005068                        . = ALIGN (0x4)
                0x20005068                        _ebss = .
                0x20005068                        __bss_end__ = _ebss

._user_heap_stack
                0x20005068      0x600 load address 0x08008a58
                0x20005068                        . = ALIGN (0x8)
                [!provide]                        PROVIDE (end = .)
                0x20005068                        PROVIDE (_end = .)
                0x20005268                        . = (. + _Min_Heap_Size)
 *fill*         0x20005068      0x200 
                0x20005668                        . = (. + _Min_Stack_Size)
 *fill*         0x20005268      0x400 
                0x20005668                        . = ALIGN (0x8)

/DISCARD/
 libc.a(*)
 libm.a(*)
 libgcc.a(*)

.ARM.attributes
                0x00000000       0x30
 *(.ARM.attributes)
 .ARM.attributes
                0x00000000       0x22 C:/ST/STM32CubeIDE_1.13.0/STM32CubeIDE/plugins/com.st.stm32cube.ide.mcu.externaltools.gnu-tools-for-stm32.12.3.rel1.win32_1.0.200.202406191623/tools/bin/../lib/gcc/arm-none-eabi/12.3.1/thumb/v7e-m+fp/hard/crti.o
 .ARM.attributes
                0x00000022       0x34 C:/ST/STM32CubeIDE_1.13.0/STM32CubeIDE/plugins/com.st.stm32cube.ide.mcu.externaltools.gnu-tools-for-stm32.12.3.rel1.win32_1.0.200.202406191623/tools/bin/../lib/gcc/arm-none-eabi/12.3.1/thumb/v7e-m+fp/hard/crtbegin.o
 .ARM.attributes
                0x00000056       0x34 ./Core/Src/bluetooth.o
 .ARM.attributes
                0x0000008a       0x34 ./Core/Src/dma.o
 .ARM.attributes
                0x000000be       0x34 ./Core/Src/freertos.o
 .ARM.attributes
                0x000000f2       0x34 ./Core/Src/gpio.o
 .ARM.attributes
                0x00000126       0x34 ./Core/Src/main.o
 .ARM.attributes
                0x0000015a       0x34 ./Core/Src/motor.o
 .ARM.attributes
                0x0000018e       0x34 ./Core/Src/sensor.o
 .ARM.attributes
                0x000001c2       0x34 ./Core/Src/stm32f4xx_hal_msp.o
 .ARM.attributes
                0x000001f6       0x34 ./Core/Src/stm32f4xx_hal_timebase_tim.o
 .ARM.attributes
                0x0000022a       0x34 ./Core/Src/stm32f4xx_it.o
 .ARM.attributes
                0x0000025e       0x34 ./Core/Src/system_stm32f4xx.o
 .ARM.attributes
                0x00000292       0x34 ./Core/Src/tim.o
 .ARM.attributes
                0x000002c6       0x34 ./Core/Src/usart.o
 .ARM.attributes
                0x000002fa       0x21 ./Core/Startup/startup_stm32f411retx.o
 .ARM.attributes
                0x0000031b       0x34 ./Drivers/STM32F4xx_HAL_Driver/Src/stm32f4xx_hal.o
 .ARM.attributes
                0x0000034f       0x34 ./Drivers/STM32F4xx_HAL_Driver/Src/stm32f4xx_hal_cortex.o
 .ARM.attributes
                0x00000383       0x34 ./Drivers/STM32F4xx_HAL_Driver/Src/stm32f4xx_hal_dma.o
 .ARM.attributes
                0x000003b7       0x34 ./Drivers/STM32F4xx_HAL_Driver/Src/stm32f4xx_hal_gpio.o
 .ARM.attributes
                0x000003eb       0x34 ./Drivers/STM32F4xx_HAL_Driver/Src/stm32f4xx_hal_rcc.o
 .ARM.attributes
                0x0000041f       0x34 ./Drivers/STM32F4xx_HAL_Driver/Src/stm32f4xx_hal_tim.o
 .ARM.attributes
                0x00000453       0x34 ./Drivers/STM32F4xx_HAL_Driver/Src/stm32f4xx_hal_tim_ex.o
 .ARM.attributes
                0x00000487       0x34 ./Drivers/STM32F4xx_HAL_Driver/Src/stm32f4xx_hal_uart.o
 .ARM.attributes
                0x000004bb       0x34 ./Middlewares/Third_Party/FreeRTOS/Source/CMSIS_RTOS_V2/cmsis_os2.o
 .ARM.attributes
                0x000004ef       0x34 ./Middlewares/Third_Party/FreeRTOS/Source/list.o
 .ARM.attributes
                0x00000523       0x34 ./Middlewares/Third_Party/FreeRTOS/Source/queue.o
 .ARM.attributes
                0x00000557       0x34 ./Middlewares/Third_Party/FreeRTOS/Source/tasks.o
 .ARM.attributes
                0x0000058b       0x34 ./Middlewares/Third_Party/FreeRTOS/Source/timers.o
 .ARM.attributes
                0x000005bf       0x34 ./Middlewares/Third_Party/FreeRTOS/Source/portable/GCC/ARM_CM4F/port.o
 .ARM.attributes
                0x000005f3       0x34 ./Middlewares/Third_Party/FreeRTOS/Source/portable/MemMang/heap_4.o
 .ARM.attributes
                0x00000627       0x34 C:/ST/STM32CubeIDE_1.13.0/STM32CubeIDE/plugins/com.st.stm32cube.ide.mcu.externaltools.gnu-tools-for-stm32.12.3.rel1.win32_1.0.200.202406191623/tools/bin/../lib/gcc/arm-none-eabi/12.3.1/../../../../arm-none-eabi/lib/thumb/v7e-m+fp/hard\libc_nano.a(libc_a-findfp.o)
 .ARM.attributes
                0x0000065b       0x34 C:/ST/STM32CubeIDE_1.13.0/STM32CubeIDE/plugins/com.st.stm32cube.ide.mcu.externaltools.gnu-tools-for-stm32.12.3.rel1.win32_1.0.200.202406191623/tools/bin/../lib/gcc/arm-none-eabi/12.3.1/../../../../arm-none-eabi/lib/thumb/v7e-m+fp/hard\libc_nano.a(libc_a-memset.o)
 .ARM.attributes
                0x0000068f       0x34 C:/ST/STM32CubeIDE_1.13.0/STM32CubeIDE/plugins/com.st.stm32cube.ide.mcu.externaltools.gnu-tools-for-stm32.12.3.rel1.win32_1.0.200.202406191623/tools/bin/../lib/gcc/arm-none-eabi/12.3.1/../../../../arm-none-eabi/lib/thumb/v7e-m+fp/hard\libc_nano.a(libc_a-reent.o)
 .ARM.attributes
                0x000006c3       0x34 C:/ST/STM32CubeIDE_1.13.0/STM32CubeIDE/plugins/com.st.stm32cube.ide.mcu.externaltools.gnu-tools-for-stm32.12.3.rel1.win32_1.0.200.202406191623/tools/bin/../lib/gcc/arm-none-eabi/12.3.1/../../../../arm-none-eabi/lib/thumb/v7e-m+fp/hard\libc_nano.a(libc_a-impure.o)
 .ARM.attributes
                0x000006f7       0x34 C:/ST/STM32CubeIDE_1.13.0/STM32CubeIDE/plugins/com.st.stm32cube.ide.mcu.externaltools.gnu-tools-for-stm32.12.3.rel1.win32_1.0.200.202406191623/tools/bin/../lib/gcc/arm-none-eabi/12.3.1/../../../../arm-none-eabi/lib/thumb/v7e-m+fp/hard\libc_nano.a(libc_a-init.o)
 .ARM.attributes
                0x0000072b       0x34 C:/ST/STM32CubeIDE_1.13.0/STM32CubeIDE/plugins/com.st.stm32cube.ide.mcu.externaltools.gnu-tools-for-stm32.12.3.rel1.win32_1.0.200.202406191623/tools/bin/../lib/gcc/arm-none-eabi/12.3.1/../../../../arm-none-eabi/lib/thumb/v7e-m+fp/hard\libc_nano.a(libc_a-lock.o)
 .ARM.attributes
                0x0000075f       0x34 C:/ST/STM32CubeIDE_1.13.0/STM32CubeIDE/plugins/com.st.stm32cube.ide.mcu.externaltools.gnu-tools-for-stm32.12.3.rel1.win32_1.0.200.202406191623/tools/bin/../lib/gcc/arm-none-eabi/12.3.1/../../../../arm-none-eabi/lib/thumb/v7e-m+fp/hard\libc_nano.a(libc_a-memcpy-stub.o)
 .ARM.attributes
                0x00000793       0x34 C:/ST/STM32CubeIDE_1.13.0/STM32CubeIDE/plugins/com.st.stm32cube.ide.mcu.externaltools.gnu-tools-for-stm32.12.3.rel1.win32_1.0.200.202406191623/tools/bin/../lib/gcc/arm-none-eabi/12.3.1/../../../../arm-none-eabi/lib/thumb/v7e-m+fp/hard\libc_nano.a(libc_a-freer.o)
 .ARM.attributes
                0x000007c7       0x34 C:/ST/STM32CubeIDE_1.13.0/STM32CubeIDE/plugins/com.st.stm32cube.ide.mcu.externaltools.gnu-tools-for-stm32.12.3.rel1.win32_1.0.200.202406191623/tools/bin/../lib/gcc/arm-none-eabi/12.3.1/../../../../arm-none-eabi/lib/thumb/v7e-m+fp/hard\libc_nano.a(libc_a-mallocr.o)
 .ARM.attributes
                0x000007fb       0x34 C:/ST/STM32CubeIDE_1.13.0/STM32CubeIDE/plugins/com.st.stm32cube.ide.mcu.externaltools.gnu-tools-for-stm32.12.3.rel1.win32_1.0.200.202406191623/tools/bin/../lib/gcc/arm-none-eabi/12.3.1/../../../../arm-none-eabi/lib/thumb/v7e-m+fp/hard\libc_nano.a(libc_a-mlock.o)
 .ARM.attributes
                0x0000082f       0x22 C:/ST/STM32CubeIDE_1.13.0/STM32CubeIDE/plugins/com.st.stm32cube.ide.mcu.externaltools.gnu-tools-for-stm32.12.3.rel1.win32_1.0.200.202406191623/tools/bin/../lib/gcc/arm-none-eabi/12.3.1/thumb/v7e-m+fp/hard\libgcc.a(_aeabi_uldivmod.o)
 .ARM.attributes
                0x00000851       0x34 C:/ST/STM32CubeIDE_1.13.0/STM32CubeIDE/plugins/com.st.stm32cube.ide.mcu.externaltools.gnu-tools-for-stm32.12.3.rel1.win32_1.0.200.202406191623/tools/bin/../lib/gcc/arm-none-eabi/12.3.1/thumb/v7e-m+fp/hard\libgcc.a(_udivmoddi4.o)
 .ARM.attributes
                0x00000885       0x22 C:/ST/STM32CubeIDE_1.13.0/STM32CubeIDE/plugins/com.st.stm32cube.ide.mcu.externaltools.gnu-tools-for-stm32.12.3.rel1.win32_1.0.200.202406191623/tools/bin/../lib/gcc/arm-none-eabi/12.3.1/thumb/v7e-m+fp/hard\libgcc.a(_dvmd_tls.o)
 .ARM.attributes
                0x000008a7       0x22 C:/ST/STM32CubeIDE_1.13.0/STM32CubeIDE/plugins/com.st.stm32cube.ide.mcu.externaltools.gnu-tools-for-stm32.12.3.rel1.win32_1.0.200.202406191623/tools/bin/../lib/gcc/arm-none-eabi/12.3.1/thumb/v7e-m+fp/hard/crtn.o
OUTPUT(Autonomous.elf elf32-littlearm)
LOAD linker stubs
LOAD C:/ST/STM32CubeIDE_1.13.0/STM32CubeIDE/plugins/com.st.stm32cube.ide.mcu.externaltools.gnu-tools-for-stm32.12.3.rel1.win32_1.0.200.202406191623/tools/bin/../lib/gcc/arm-none-eabi/12.3.1/../../../../arm-none-eabi/lib/thumb/v7e-m+fp/hard\libc.a
LOAD C:/ST/STM32CubeIDE_1.13.0/STM32CubeIDE/plugins/com.st.stm32cube.ide.mcu.externaltools.gnu-tools-for-stm32.12.3.rel1.win32_1.0.200.202406191623/tools/bin/../lib/gcc/arm-none-eabi/12.3.1/../../../../arm-none-eabi/lib/thumb/v7e-m+fp/hard\libm.a
LOAD C:/ST/STM32CubeIDE_1.13.0/STM32CubeIDE/plugins/com.st.stm32cube.ide.mcu.externaltools.gnu-tools-for-stm32.12.3.rel1.win32_1.0.200.202406191623/tools/bin/../lib/gcc/arm-none-eabi/12.3.1/thumb/v7e-m+fp/hard\libgcc.a

.debug_info     0x00000000    0x1b628
 .debug_info    0x00000000      0x9f8 ./Core/Src/bluetooth.o
 .debug_info    0x000009f8      0x453 ./Core/Src/dma.o
 .debug_info    0x00000e4b      0x4ba ./Core/Src/freertos.o
 .debug_info    0x00001305      0x441 ./Core/Src/gpio.o
 .debug_info    0x00001746      0xed4 ./Core/Src/main.o
 .debug_info    0x0000261a      0x20d ./Core/Src/motor.o
 .debug_info    0x00002827      0x815 ./Core/Src/sensor.o
 .debug_info    0x0000303c      0x45d ./Core/Src/stm32f4xx_hal_msp.o
 .debug_info    0x00003499      0xb75 ./Core/Src/stm32f4xx_hal_timebase_tim.o
 .debug_info    0x0000400e      0xa44 ./Core/Src/stm32f4xx_it.o
 .debug_info    0x00004a52      0x53e ./Core/Src/system_stm32f4xx.o
 .debug_info    0x00004f90     0x1204 ./Core/Src/tim.o
 .debug_info    0x00006194      0xbb0 ./Core/Src/usart.o
 .debug_info    0x00006d44       0x30 ./Core/Startup/startup_stm32f411retx.o
 .debug_info    0x00006d74      0x8c4 ./Drivers/STM32F4xx_HAL_Driver/Src/stm32f4xx_hal.o
 .debug_info    0x00007638      0xcfc ./Drivers/STM32F4xx_HAL_Driver/Src/stm32f4xx_hal_cortex.o
 .debug_info    0x00008334      0x8e6 ./Drivers/STM32F4xx_HAL_Driver/Src/stm32f4xx_hal_dma.o
 .debug_info    0x00008c1a      0x6f9 ./Drivers/STM32F4xx_HAL_Driver/Src/stm32f4xx_hal_gpio.o
 .debug_info    0x00009313      0x8f0 ./Drivers/STM32F4xx_HAL_Driver/Src/stm32f4xx_hal_rcc.o
 .debug_info    0x00009c03     0x2996 ./Drivers/STM32F4xx_HAL_Driver/Src/stm32f4xx_hal_tim.o
 .debug_info    0x0000c599     0x14d4 ./Drivers/STM32F4xx_HAL_Driver/Src/stm32f4xx_hal_tim_ex.o
 .debug_info    0x0000da6d     0x2f56 ./Drivers/STM32F4xx_HAL_Driver/Src/stm32f4xx_hal_uart.o
 .debug_info    0x000109c3     0x4079 ./Middlewares/Third_Party/FreeRTOS/Source/CMSIS_RTOS_V2/cmsis_os2.o
 .debug_info    0x00014a3c      0x2af ./Middlewares/Third_Party/FreeRTOS/Source/list.o
 .debug_info    0x00014ceb     0x1b79 ./Middlewares/Third_Party/FreeRTOS/Source/queue.o
 .debug_info    0x00016864     0x28c1 ./Middlewares/Third_Party/FreeRTOS/Source/tasks.o
 .debug_info    0x00019125     0x1b50 ./Middlewares/Third_Party/FreeRTOS/Source/timers.o
 .debug_info    0x0001ac75      0x4de ./Middlewares/Third_Party/FreeRTOS/Source/portable/GCC/ARM_CM4F/port.o
 .debug_info    0x0001b153      0x4d5 ./Middlewares/Third_Party/FreeRTOS/Source/portable/MemMang/heap_4.o

.debug_abbrev   0x00000000     0x3f9f
 .debug_abbrev  0x00000000      0x1cf ./Core/Src/bluetooth.o
 .debug_abbrev  0x000001cf      0x10e ./Core/Src/dma.o
 .debug_abbrev  0x000002dd      0x15c ./Core/Src/freertos.o
 .debug_abbrev  0x00000439      0x151 ./Core/Src/gpio.o
 .debug_abbrev  0x0000058a      0x2a8 ./Core/Src/main.o
 .debug_abbrev  0x00000832       0xf2 ./Core/Src/motor.o
 .debug_abbrev  0x00000924      0x1a0 ./Core/Src/sensor.o
 .debug_abbrev  0x00000ac4      0x119 ./Core/Src/stm32f4xx_hal_msp.o
 .debug_abbrev  0x00000bdd      0x207 ./Core/Src/stm32f4xx_hal_timebase_tim.o
 .debug_abbrev  0x00000de4      0x1b5 ./Core/Src/stm32f4xx_it.o
 .debug_abbrev  0x00000f99      0x11a ./Core/Src/system_stm32f4xx.o
 .debug_abbrev  0x000010b3      0x28b ./Core/Src/tim.o
 .debug_abbrev  0x0000133e      0x21d ./Core/Src/usart.o
 .debug_abbrev  0x0000155b       0x24 ./Core/Startup/startup_stm32f411retx.o
 .debug_abbrev  0x0000157f      0x24b ./Drivers/STM32F4xx_HAL_Driver/Src/stm32f4xx_hal.o
 .debug_abbrev  0x000017ca      0x31d ./Drivers/STM32F4xx_HAL_Driver/Src/stm32f4xx_hal_cortex.o
 .debug_abbrev  0x00001ae7      0x221 ./Drivers/STM32F4xx_HAL_Driver/Src/stm32f4xx_hal_dma.o
 .debug_abbrev  0x00001d08      0x1d3 ./Drivers/STM32F4xx_HAL_Driver/Src/stm32f4xx_hal_gpio.o
 .debug_abbrev  0x00001edb      0x2b6 ./Drivers/STM32F4xx_HAL_Driver/Src/stm32f4xx_hal_rcc.o
 .debug_abbrev  0x00002191      0x28b ./Drivers/STM32F4xx_HAL_Driver/Src/stm32f4xx_hal_tim.o
 .debug_abbrev  0x0000241c      0x296 ./Drivers/STM32F4xx_HAL_Driver/Src/stm32f4xx_hal_tim_ex.o
 .debug_abbrev  0x000026b2      0x31b ./Drivers/STM32F4xx_HAL_Driver/Src/stm32f4xx_hal_uart.o
 .debug_abbrev  0x000029cd      0x548 ./Middlewares/Third_Party/FreeRTOS/Source/CMSIS_RTOS_V2/cmsis_os2.o
 .debug_abbrev  0x00002f15       0xf5 ./Middlewares/Third_Party/FreeRTOS/Source/list.o
 .debug_abbrev  0x0000300a      0x3b6 ./Middlewares/Third_Party/FreeRTOS/Source/queue.o
 .debug_abbrev  0x000033c0      0x3fe ./Middlewares/Third_Party/FreeRTOS/Source/tasks.o
 .debug_abbrev  0x000037be      0x368 ./Middlewares/Third_Party/FreeRTOS/Source/timers.o
 .debug_abbrev  0x00003b26      0x25c ./Middlewares/Third_Party/FreeRTOS/Source/portable/GCC/ARM_CM4F/port.o
 .debug_abbrev  0x00003d82      0x21d ./Middlewares/Third_Party/FreeRTOS/Source/portable/MemMang/heap_4.o

.debug_aranges  0x00000000     0x1600
 .debug_aranges
                0x00000000       0x20 ./Core/Src/bluetooth.o
 .debug_aranges
                0x00000020       0x20 ./Core/Src/dma.o
 .debug_aranges
                0x00000040       0x38 ./Core/Src/freertos.o
 .debug_aranges
                0x00000078       0x20 ./Core/Src/gpio.o
 .debug_aranges
                0x00000098       0x40 ./Core/Src/main.o
 .debug_aranges
                0x000000d8       0x50 ./Core/Src/motor.o
 .debug_aranges
                0x00000128       0x30 ./Core/Src/sensor.o
 .debug_aranges
                0x00000158       0x20 ./Core/Src/stm32f4xx_hal_msp.o
 .debug_aranges
                0x00000178       0x30 ./Core/Src/stm32f4xx_hal_timebase_tim.o
 .debug_aranges
                0x000001a8       0x90 ./Core/Src/stm32f4xx_it.o
 .debug_aranges
                0x00000238       0x28 ./Core/Src/system_stm32f4xx.o
 .debug_aranges
                0x00000260       0x58 ./Core/Src/tim.o
 .debug_aranges
                0x000002b8       0x38 ./Core/Src/usart.o
 .debug_aranges
                0x000002f0       0x28 ./Core/Startup/startup_stm32f411retx.o
 .debug_aranges
                0x00000318       0xf0 ./Drivers/STM32F4xx_HAL_Driver/Src/stm32f4xx_hal.o
 .debug_aranges
                0x00000408      0x130 ./Drivers/STM32F4xx_HAL_Driver/Src/stm32f4xx_hal_cortex.o
 .debug_aranges
                0x00000538       0x90 ./Drivers/STM32F4xx_HAL_Driver/Src/stm32f4xx_hal_dma.o
 .debug_aranges
                0x000005c8       0x58 ./Drivers/STM32F4xx_HAL_Driver/Src/stm32f4xx_hal_gpio.o
 .debug_aranges
                0x00000620       0x88 ./Drivers/STM32F4xx_HAL_Driver/Src/stm32f4xx_hal_rcc.o
 .debug_aranges
                0x000006a8      0x3d0 ./Drivers/STM32F4xx_HAL_Driver/Src/stm32f4xx_hal_tim.o
 .debug_aranges
                0x00000a78      0x168 ./Drivers/STM32F4xx_HAL_Driver/Src/stm32f4xx_hal_tim_ex.o
 .debug_aranges
                0x00000be0      0x208 ./Drivers/STM32F4xx_HAL_Driver/Src/stm32f4xx_hal_uart.o
 .debug_aranges
                0x00000de8      0x2b0 ./Middlewares/Third_Party/FreeRTOS/Source/CMSIS_RTOS_V2/cmsis_os2.o
 .debug_aranges
                0x00001098       0x40 ./Middlewares/Third_Party/FreeRTOS/Source/list.o
 .debug_aranges
                0x000010d8      0x158 ./Middlewares/Third_Party/FreeRTOS/Source/queue.o
 .debug_aranges
                0x00001230      0x208 ./Middlewares/Third_Party/FreeRTOS/Source/tasks.o
 .debug_aranges
                0x00001438       0xf0 ./Middlewares/Third_Party/FreeRTOS/Source/timers.o
 .debug_aranges
                0x00001528       0x80 ./Middlewares/Third_Party/FreeRTOS/Source/portable/GCC/ARM_CM4F/port.o
 .debug_aranges
                0x000015a8       0x58 ./Middlewares/Third_Party/FreeRTOS/Source/portable/MemMang/heap_4.o

.debug_rnglists
                0x00000000     0x10f8
 .debug_rnglists
                0x00000000       0x14 ./Core/Src/bluetooth.o
 .debug_rnglists
                0x00000014       0x14 ./Core/Src/dma.o
 .debug_rnglists
                0x00000028       0x26 ./Core/Src/freertos.o
 .debug_rnglists
                0x0000004e       0x14 ./Core/Src/gpio.o
 .debug_rnglists
                0x00000062       0x2c ./Core/Src/main.o
 .debug_rnglists
                0x0000008e       0x37 ./Core/Src/motor.o
 .debug_rnglists
                0x000000c5       0x20 ./Core/Src/sensor.o
 .debug_rnglists
                0x000000e5       0x13 ./Core/Src/stm32f4xx_hal_msp.o
 .debug_rnglists
                0x000000f8       0x20 ./Core/Src/stm32f4xx_hal_timebase_tim.o
 .debug_rnglists
                0x00000118       0x67 ./Core/Src/stm32f4xx_it.o
 .debug_rnglists
                0x0000017f       0x1a ./Core/Src/system_stm32f4xx.o
 .debug_rnglists
                0x00000199       0x44 ./Core/Src/tim.o
 .debug_rnglists
                0x000001dd       0x26 ./Core/Src/usart.o
 .debug_rnglists
                0x00000203       0x19 ./Core/Startup/startup_stm32f411retx.o
 .debug_rnglists
                0x0000021c       0xaf ./Drivers/STM32F4xx_HAL_Driver/Src/stm32f4xx_hal.o
 .debug_rnglists
                0x000002cb       0xe0 ./Drivers/STM32F4xx_HAL_Driver/Src/stm32f4xx_hal_cortex.o
 .debug_rnglists
                0x000003ab       0x70 ./Drivers/STM32F4xx_HAL_Driver/Src/stm32f4xx_hal_dma.o
 .debug_rnglists
                0x0000041b       0x3f ./Drivers/STM32F4xx_HAL_Driver/Src/stm32f4xx_hal_gpio.o
 .debug_rnglists
                0x0000045a       0x66 ./Drivers/STM32F4xx_HAL_Driver/Src/stm32f4xx_hal_rcc.o
 .debug_rnglists
                0x000004c0      0x31a ./Drivers/STM32F4xx_HAL_Driver/Src/stm32f4xx_hal_tim.o
 .debug_rnglists
                0x000007da      0x125 ./Drivers/STM32F4xx_HAL_Driver/Src/stm32f4xx_hal_tim_ex.o
 .debug_rnglists
                0x000008ff      0x1bc ./Drivers/STM32F4xx_HAL_Driver/Src/stm32f4xx_hal_uart.o
 .debug_rnglists
                0x00000abb      0x212 ./Middlewares/Third_Party/FreeRTOS/Source/CMSIS_RTOS_V2/cmsis_os2.o
 .debug_rnglists
                0x00000ccd       0x2b ./Middlewares/Third_Party/FreeRTOS/Source/list.o
 .debug_rnglists
                0x00000cf8      0x109 ./Middlewares/Third_Party/FreeRTOS/Source/queue.o
 .debug_rnglists
                0x00000e01      0x1a0 ./Middlewares/Third_Party/FreeRTOS/Source/tasks.o
 .debug_rnglists
                0x00000fa1       0xb8 ./Middlewares/Third_Party/FreeRTOS/Source/timers.o
 .debug_rnglists
                0x00001059       0x5d ./Middlewares/Third_Party/FreeRTOS/Source/portable/GCC/ARM_CM4F/port.o
 .debug_rnglists
                0x000010b6       0x42 ./Middlewares/Third_Party/FreeRTOS/Source/portable/MemMang/heap_4.o

.debug_macro    0x00000000    0x1a745
 .debug_macro   0x00000000      0x39a ./Core/Src/bluetooth.o
 .debug_macro   0x0000039a      0xab4 ./Core/Src/bluetooth.o
 .debug_macro   0x00000e4e      0x29b ./Core/Src/bluetooth.o
 .debug_macro   0x000010e9       0x2e ./Core/Src/bluetooth.o
 .debug_macro   0x00001117       0x28 ./Core/Src/bluetooth.o
 .debug_macro   0x0000113f       0x22 ./Core/Src/bluetooth.o
 .debug_macro   0x00001161       0x8e ./Core/Src/bluetooth.o
 .debug_macro   0x000011ef       0x51 ./Core/Src/bluetooth.o
 .debug_macro   0x00001240      0x103 ./Core/Src/bluetooth.o
 .debug_macro   0x00001343       0x6a ./Core/Src/bluetooth.o
 .debug_macro   0x000013ad      0x1df ./Core/Src/bluetooth.o
 .debug_macro   0x0000158c       0x1c ./Core/Src/bluetooth.o
 .debug_macro   0x000015a8       0x22 ./Core/Src/bluetooth.o
 .debug_macro   0x000015ca       0xfb ./Core/Src/bluetooth.o
 .debug_macro   0x000016c5     0x1011 ./Core/Src/bluetooth.o
 .debug_macro   0x000026d6      0x11f ./Core/Src/bluetooth.o
 .debug_macro   0x000027f5     0xb953 ./Core/Src/bluetooth.o
 .debug_macro   0x0000e148       0x6d ./Core/Src/bluetooth.o
 .debug_macro   0x0000e1b5     0x369a ./Core/Src/bluetooth.o
 .debug_macro   0x0001184f      0x189 ./Core/Src/bluetooth.o
 .debug_macro   0x000119d8       0x5c ./Core/Src/bluetooth.o
 .debug_macro   0x00011a34      0x45c ./Core/Src/bluetooth.o
 .debug_macro   0x00011e90      0x9e9 ./Core/Src/bluetooth.o
 .debug_macro   0x00012879      0x115 ./Core/Src/bluetooth.o
 .debug_macro   0x0001298e      0x11b ./Core/Src/bluetooth.o
 .debug_macro   0x00012aa9       0xa5 ./Core/Src/bluetooth.o
 .debug_macro   0x00012b4e      0x15f ./Core/Src/bluetooth.o
 .debug_macro   0x00012cad      0x287 ./Core/Src/bluetooth.o
 .debug_macro   0x00012f34       0x5f ./Core/Src/bluetooth.o
 .debug_macro   0x00012f93      0x236 ./Core/Src/bluetooth.o
 .debug_macro   0x000131c9      0x132 ./Core/Src/bluetooth.o
 .debug_macro   0x000132fb      0x264 ./Core/Src/bluetooth.o
 .debug_macro   0x0001355f       0x2e ./Core/Src/bluetooth.o
 .debug_macro   0x0001358d      0x127 ./Core/Src/bluetooth.o
 .debug_macro   0x000136b4       0x85 ./Core/Src/bluetooth.o
 .debug_macro   0x00013739       0x89 ./Core/Src/bluetooth.o
 .debug_macro   0x000137c2      0x8ed ./Core/Src/bluetooth.o
 .debug_macro   0x000140af       0x47 ./Core/Src/bluetooth.o
 .debug_macro   0x000140f6      0x2aa ./Core/Src/bluetooth.o
 .debug_macro   0x000143a0      0x126 ./Core/Src/bluetooth.o
 .debug_macro   0x000144c6      0x16f ./Core/Src/bluetooth.o
 .debug_macro   0x00014635      0x15a ./Core/Src/bluetooth.o
 .debug_macro   0x0001478f       0xc9 ./Core/Src/bluetooth.o
 .debug_macro   0x00014858       0x1c ./Core/Src/bluetooth.o
 .debug_macro   0x00014874       0x26 ./Core/Src/bluetooth.o
 .debug_macro   0x0001489a       0x61 ./Core/Src/bluetooth.o
 .debug_macro   0x000148fb       0x2a ./Core/Src/bluetooth.o
 .debug_macro   0x00014925       0x43 ./Core/Src/bluetooth.o
 .debug_macro   0x00014968       0x34 ./Core/Src/bluetooth.o
 .debug_macro   0x0001499c       0x16 ./Core/Src/bluetooth.o
 .debug_macro   0x000149b2       0x43 ./Core/Src/bluetooth.o
 .debug_macro   0x000149f5       0x34 ./Core/Src/bluetooth.o
 .debug_macro   0x00014a29       0x10 ./Core/Src/bluetooth.o
 .debug_macro   0x00014a39       0x58 ./Core/Src/bluetooth.o
 .debug_macro   0x00014a91       0x8e ./Core/Src/bluetooth.o
 .debug_macro   0x00014b1f       0x1c ./Core/Src/bluetooth.o
 .debug_macro   0x00014b3b      0x177 ./Core/Src/bluetooth.o
 .debug_macro   0x00014cb2       0x10 ./Core/Src/bluetooth.o
 .debug_macro   0x00014cc2       0x35 ./Core/Src/bluetooth.o
 .debug_macro   0x00014cf7      0x4bf ./Core/Src/bluetooth.o
 .debug_macro   0x000151b6       0xb5 ./Core/Src/bluetooth.o
 .debug_macro   0x0001526b       0xaa ./Core/Src/bluetooth.o
 .debug_macro   0x00015315       0x66 ./Core/Src/bluetooth.o
 .debug_macro   0x0001537b       0x74 ./Core/Src/bluetooth.o
 .debug_macro   0x000153ef       0xdd ./Core/Src/bluetooth.o
 .debug_macro   0x000154cc       0x1c ./Core/Src/bluetooth.o
 .debug_macro   0x000154e8      0x369 ./Core/Src/bluetooth.o
 .debug_macro   0x00015851       0x10 ./Core/Src/bluetooth.o
 .debug_macro   0x00015861       0x1c ./Core/Src/bluetooth.o
 .debug_macro   0x0001587d       0x16 ./Core/Src/bluetooth.o
 .debug_macro   0x00015893      0x146 ./Core/Src/bluetooth.o
 .debug_macro   0x000159d9      0x3a0 ./Core/Src/dma.o
 .debug_macro   0x00015d79      0x39c ./Core/Src/freertos.o
 .debug_macro   0x00016115      0x16f ./Core/Src/freertos.o
 .debug_macro   0x00016284       0x6c ./Core/Src/freertos.o
 .debug_macro   0x000162f0      0x39a ./Core/Src/gpio.o
 .debug_macro   0x0001668a      0x3b2 ./Core/Src/main.o
 .debug_macro   0x00016a3c      0x39a ./Core/Src/motor.o
 .debug_macro   0x00016dd6      0x39e ./Core/Src/sensor.o
 .debug_macro   0x00017174      0x396 ./Core/Src/stm32f4xx_hal_msp.o
 .debug_macro   0x0001750a      0x1ce ./Core/Src/stm32f4xx_hal_timebase_tim.o
 .debug_macro   0x000176d8      0x3a0 ./Core/Src/stm32f4xx_it.o
 .debug_macro   0x00017a78      0x1ce ./Core/Src/system_stm32f4xx.o
 .debug_macro   0x00017c46      0x39a ./Core/Src/tim.o
 .debug_macro   0x00017fe0      0x39a ./Core/Src/usart.o
 .debug_macro   0x0001837a      0x22e ./Drivers/STM32F4xx_HAL_Driver/Src/stm32f4xx_hal.o
 .debug_macro   0x000185a8      0x1ce ./Drivers/STM32F4xx_HAL_Driver/Src/stm32f4xx_hal_cortex.o
 .debug_macro   0x00018776      0x1d4 ./Drivers/STM32F4xx_HAL_Driver/Src/stm32f4xx_hal_dma.o
 .debug_macro   0x0001894a      0x1d4 ./Drivers/STM32F4xx_HAL_Driver/Src/stm32f4xx_hal_gpio.o
 .debug_macro   0x00018b1e      0x1f2 ./Drivers/STM32F4xx_HAL_Driver/Src/stm32f4xx_hal_rcc.o
 .debug_macro   0x00018d10      0x1cf ./Drivers/STM32F4xx_HAL_Driver/Src/stm32f4xx_hal_tim.o
 .debug_macro   0x00018edf      0x1ce ./Drivers/STM32F4xx_HAL_Driver/Src/stm32f4xx_hal_tim_ex.o
 .debug_macro   0x000190ad      0x1cf ./Drivers/STM32F4xx_HAL_Driver/Src/stm32f4xx_hal_uart.o
 .debug_macro   0x0001927c      0x3d7 ./Middlewares/Third_Party/FreeRTOS/Source/CMSIS_RTOS_V2/cmsis_os2.o
 .debug_macro   0x00019653       0x10 ./Middlewares/Third_Party/FreeRTOS/Source/CMSIS_RTOS_V2/cmsis_os2.o
 .debug_macro   0x00019663       0x20 ./Middlewares/Third_Party/FreeRTOS/Source/CMSIS_RTOS_V2/cmsis_os2.o
 .debug_macro   0x00019683       0x10 ./Middlewares/Third_Party/FreeRTOS/Source/CMSIS_RTOS_V2/cmsis_os2.o
 .debug_macro   0x00019693       0xf5 ./Middlewares/Third_Party/FreeRTOS/Source/CMSIS_RTOS_V2/cmsis_os2.o
 .debug_macro   0x00019788       0x16 ./Middlewares/Third_Party/FreeRTOS/Source/CMSIS_RTOS_V2/cmsis_os2.o
 .debug_macro   0x0001979e       0x91 ./Middlewares/Third_Party/FreeRTOS/Source/CMSIS_RTOS_V2/cmsis_os2.o
 .debug_macro   0x0001982f       0x8d ./Middlewares/Third_Party/FreeRTOS/Source/CMSIS_RTOS_V2/cmsis_os2.o
 .debug_macro   0x000198bc       0x9a ./Middlewares/Third_Party/FreeRTOS/Source/CMSIS_RTOS_V2/cmsis_os2.o
 .debug_macro   0x00019956       0x22 ./Middlewares/Third_Party/FreeRTOS/Source/CMSIS_RTOS_V2/cmsis_os2.o
 .debug_macro   0x00019978       0x56 ./Middlewares/Third_Party/FreeRTOS/Source/CMSIS_RTOS_V2/cmsis_os2.o
 .debug_macro   0x000199ce      0x199 ./Middlewares/Third_Party/FreeRTOS/Source/list.o
 .debug_macro   0x00019b67      0x228 ./Middlewares/Third_Party/FreeRTOS/Source/queue.o
 .debug_macro   0x00019d8f       0x16 ./Middlewares/Third_Party/FreeRTOS/Source/queue.o
 .debug_macro   0x00019da5       0x87 ./Middlewares/Third_Party/FreeRTOS/Source/queue.o
 .debug_macro   0x00019e2c      0x291 ./Middlewares/Third_Party/FreeRTOS/Source/tasks.o
 .debug_macro   0x0001a0bd       0x10 ./Middlewares/Third_Party/FreeRTOS/Source/tasks.o