../Core/Src/stm32f4xx_it.c:79:6:NMI_Handler	4	static
../Core/Src/stm32f4xx_it.c:94:6:HardFault_Handler	4	static
../Core/Src/stm32f4xx_it.c:109:6:MemManage_Handler	4	static
../Core/Src/stm32f4xx_it.c:124:6:BusFault_Handler	4	static
../Core/Src/stm32f4xx_it.c:139:6:UsageFault_Handler	4	static
../Core/Src/stm32f4xx_it.c:154:6:DebugMon_Handler	4	static
../Core/Src/stm32f4xx_it.c:174:6:DMA1_Stream0_IRQHandler	8	static
../Core/Src/stm32f4xx_it.c:188:6:DMA1_Stream2_IRQHandler	8	static
../Core/Src/stm32f4xx_it.c:202:6:DMA1_Stream3_IRQHandler	8	static
../Core/Src/stm32f4xx_it.c:216:6:DMA1_Stream4_IRQHandler	8	static
../Core/Src/stm32f4xx_it.c:230:6:DMA1_Stream5_IRQHandler	8	static
../Core/Src/stm32f4xx_it.c:244:6:TIM1_BRK_TIM9_IRQHandler	8	static
../Core/Src/stm32f4xx_it.c:259:6:USART1_IRQHandler	8	static
../Core/Src/stm32f4xx_it.c:273:6:USART2_IRQHandler	8	static
../Core/Src/stm32f4xx_it.c:287:6:DMA1_Stream7_IRQHandler	8	static
